Archive member included to satisfy reference by file (symbol)

/home/adz/st/stm32cubeclt_1.16.0/GNU-tools-for-STM32/bin/../lib/gcc/arm-none-eabi/12.3.1/../../../../arm-none-eabi/lib/thumb/v7e-m+fp/hard/libc_nano.a(libc_a-exit.o)
                              /home/adz/st/stm32cubeclt_1.16.0/GNU-tools-for-STM32/bin/../lib/gcc/arm-none-eabi/12.3.1/../../../../arm-none-eabi/lib/thumb/v7e-m+fp/hard/crt0.o (exit)
/home/adz/st/stm32cubeclt_1.16.0/GNU-tools-for-STM32/bin/../lib/gcc/arm-none-eabi/12.3.1/../../../../arm-none-eabi/lib/thumb/v7e-m+fp/hard/libc_nano.a(libc_a-nano-vfprintf_float.o)
                              (_printf_float)
/home/adz/st/stm32cubeclt_1.16.0/GNU-tools-for-STM32/bin/../lib/gcc/arm-none-eabi/12.3.1/../../../../arm-none-eabi/lib/thumb/v7e-m+fp/hard/libc_nano.a(libc_a-nano-vfprintf_i.o)
                              /home/adz/st/stm32cubeclt_1.16.0/GNU-tools-for-STM32/bin/../lib/gcc/arm-none-eabi/12.3.1/../../../../arm-none-eabi/lib/thumb/v7e-m+fp/hard/libc_nano.a(libc_a-nano-vfprintf_float.o) (_printf_common)
/home/adz/st/stm32cubeclt_1.16.0/GNU-tools-for-STM32/bin/../lib/gcc/arm-none-eabi/12.3.1/../../../../arm-none-eabi/lib/thumb/v7e-m+fp/hard/libc_nano.a(libc_a-findfp.o)
                              /home/adz/st/stm32cubeclt_1.16.0/GNU-tools-for-STM32/bin/../lib/gcc/arm-none-eabi/12.3.1/../../../../arm-none-eabi/lib/thumb/v7e-m+fp/hard/libc_nano.a(libc_a-exit.o) (__stdio_exit_handler)
/home/adz/st/stm32cubeclt_1.16.0/GNU-tools-for-STM32/bin/../lib/gcc/arm-none-eabi/12.3.1/../../../../arm-none-eabi/lib/thumb/v7e-m+fp/hard/libc_nano.a(libc_a-fwalk.o)
                              /home/adz/st/stm32cubeclt_1.16.0/GNU-tools-for-STM32/bin/../lib/gcc/arm-none-eabi/12.3.1/../../../../arm-none-eabi/lib/thumb/v7e-m+fp/hard/libc_nano.a(libc_a-findfp.o) (_fwalk_sglue)
/home/adz/st/stm32cubeclt_1.16.0/GNU-tools-for-STM32/bin/../lib/gcc/arm-none-eabi/12.3.1/../../../../arm-none-eabi/lib/thumb/v7e-m+fp/hard/libc_nano.a(libc_a-stdio.o)
                              /home/adz/st/stm32cubeclt_1.16.0/GNU-tools-for-STM32/bin/../lib/gcc/arm-none-eabi/12.3.1/../../../../arm-none-eabi/lib/thumb/v7e-m+fp/hard/libc_nano.a(libc_a-findfp.o) (__sread)
/home/adz/st/stm32cubeclt_1.16.0/GNU-tools-for-STM32/bin/../lib/gcc/arm-none-eabi/12.3.1/../../../../arm-none-eabi/lib/thumb/v7e-m+fp/hard/libc_nano.a(libc_a-memset.o)
                              /home/adz/st/stm32cubeclt_1.16.0/GNU-tools-for-STM32/bin/../lib/gcc/arm-none-eabi/12.3.1/../../../../arm-none-eabi/lib/thumb/v7e-m+fp/hard/crt0.o (memset)
/home/adz/st/stm32cubeclt_1.16.0/GNU-tools-for-STM32/bin/../lib/gcc/arm-none-eabi/12.3.1/../../../../arm-none-eabi/lib/thumb/v7e-m+fp/hard/libc_nano.a(libc_a-localeconv.o)
                              /home/adz/st/stm32cubeclt_1.16.0/GNU-tools-for-STM32/bin/../lib/gcc/arm-none-eabi/12.3.1/../../../../arm-none-eabi/lib/thumb/v7e-m+fp/hard/libc_nano.a(libc_a-nano-vfprintf_float.o) (_localeconv_r)
/home/adz/st/stm32cubeclt_1.16.0/GNU-tools-for-STM32/bin/../lib/gcc/arm-none-eabi/12.3.1/../../../../arm-none-eabi/lib/thumb/v7e-m+fp/hard/libc_nano.a(libc_a-closer.o)
                              /home/adz/st/stm32cubeclt_1.16.0/GNU-tools-for-STM32/bin/../lib/gcc/arm-none-eabi/12.3.1/../../../../arm-none-eabi/lib/thumb/v7e-m+fp/hard/libc_nano.a(libc_a-stdio.o) (_close_r)
/home/adz/st/stm32cubeclt_1.16.0/GNU-tools-for-STM32/bin/../lib/gcc/arm-none-eabi/12.3.1/../../../../arm-none-eabi/lib/thumb/v7e-m+fp/hard/libc_nano.a(libc_a-reent.o)
                              /home/adz/st/stm32cubeclt_1.16.0/GNU-tools-for-STM32/bin/../lib/gcc/arm-none-eabi/12.3.1/../../../../arm-none-eabi/lib/thumb/v7e-m+fp/hard/libc_nano.a(libc_a-closer.o) (errno)
/home/adz/st/stm32cubeclt_1.16.0/GNU-tools-for-STM32/bin/../lib/gcc/arm-none-eabi/12.3.1/../../../../arm-none-eabi/lib/thumb/v7e-m+fp/hard/libc_nano.a(libc_a-impure.o)
                              /home/adz/st/stm32cubeclt_1.16.0/GNU-tools-for-STM32/bin/../lib/gcc/arm-none-eabi/12.3.1/../../../../arm-none-eabi/lib/thumb/v7e-m+fp/hard/libc_nano.a(libc_a-reent.o) (_impure_ptr)
/home/adz/st/stm32cubeclt_1.16.0/GNU-tools-for-STM32/bin/../lib/gcc/arm-none-eabi/12.3.1/../../../../arm-none-eabi/lib/thumb/v7e-m+fp/hard/libc_nano.a(libc_a-lseekr.o)
                              /home/adz/st/stm32cubeclt_1.16.0/GNU-tools-for-STM32/bin/../lib/gcc/arm-none-eabi/12.3.1/../../../../arm-none-eabi/lib/thumb/v7e-m+fp/hard/libc_nano.a(libc_a-stdio.o) (_lseek_r)
/home/adz/st/stm32cubeclt_1.16.0/GNU-tools-for-STM32/bin/../lib/gcc/arm-none-eabi/12.3.1/../../../../arm-none-eabi/lib/thumb/v7e-m+fp/hard/libc_nano.a(libc_a-readr.o)
                              /home/adz/st/stm32cubeclt_1.16.0/GNU-tools-for-STM32/bin/../lib/gcc/arm-none-eabi/12.3.1/../../../../arm-none-eabi/lib/thumb/v7e-m+fp/hard/libc_nano.a(libc_a-stdio.o) (_read_r)
/home/adz/st/stm32cubeclt_1.16.0/GNU-tools-for-STM32/bin/../lib/gcc/arm-none-eabi/12.3.1/../../../../arm-none-eabi/lib/thumb/v7e-m+fp/hard/libc_nano.a(libc_a-writer.o)
[...]
Memory Configuration

Name             Origin             Length             Attributes
RAM              0x20000000         0x00020000         xrw
FLASH            0x08000000         0x00080000         xr
*default*        0x00000000         0xffffffff

Linker script and memory map

LOAD /home/adz/st/stm32cubeclt_1.16.0/GNU-tools-for-STM32/bin/../lib/gcc/arm-none-eabi/12.3.1/thumb/v7e-m+fp/hard/crti.o
LOAD /home/adz/st/stm32cubeclt_1.16.0/GNU-tools-for-STM32/bin/../lib/gcc/arm-none-eabi/12.3.1/thumb/v7e-m+fp/hard/crtbegin.o
LOAD /home/adz/st/stm32cubeclt_1.16.0/GNU-tools-for-STM32/bin/../lib/gcc/arm-none-eabi/12.3.1/../../../../arm-none-eabi/lib/thumb/v7e-m+fp/hard/crt0.o
START GROUP
LOAD /home/adz/st/stm32cubeclt_1.16.0/GNU-tools-for-STM32/bin/../lib/gcc/arm-none-eabi/12.3.1/../../../../arm-none-eabi/lib/thumb/v7e-m+fp/hard/libc_nano.a
LOAD /home/adz/st/stm32cubeclt_1.16.0/GNU-tools-for-STM32/bin/../lib/gcc/arm-none-eabi/12.3.1/../../../../arm-none-eabi/lib/thumb/v7e-m+fp/hard/libm.a
END GROUP
LOAD CMakeFiles/tempHumidity.dir/Core/Src/HTU21D.c.obj
LOAD CMakeFiles/tempHumidity.dir/Core/Src/main.c.obj
LOAD CMakeFiles/tempHumidity.dir/Core/Src/stm32f4xx_it.c.obj
LOAD CMakeFiles/tempHumidity.dir/Core/Src/stm32f4xx_hal_msp.c.obj
LOAD CMakeFiles/tempHumidity.dir/Drivers/STM32F4xx_HAL_Driver/Src/stm32f4xx_hal_i2c.c.obj
LOAD CMakeFiles/tempHumidity.dir/Drivers/STM32F4xx_HAL_Driver/Src/stm32f4xx_hal_i2c_ex.c.obj
LOAD CMakeFiles/tempHumidity.dir/Drivers/STM32F4xx_HAL_Driver/Src/stm32f4xx_hal_rcc.c.obj
LOAD CMakeFiles/tempHumidity.dir/Drivers/STM32F4xx_HAL_Driver/Src/stm32f4xx_hal_rcc_ex.c.obj
LOAD CMakeFiles/tempHumidity.dir/Drivers/STM32F4xx_HAL_Driver/Src/stm32f4xx_hal_flash.c.obj
LOAD CMakeFiles/tempHumidity.dir/Drivers/STM32F4xx_HAL_Driver/Src/stm32f4xx_hal_flash_ex.c.obj
LOAD CMakeFiles/tempHumidity.dir/Drivers/STM32F4xx_HAL_Driver/Src/stm32f4xx_hal_flash_ramfunc.c.obj
LOAD CMakeFiles/tempHumidity.dir/Drivers/STM32F4xx_HAL_Driver/Src/stm32f4xx_hal_gpio.c.obj
LOAD CMakeFiles/tempHumidity.dir/Drivers/STM32F4xx_HAL_Driver/Src/stm32f4xx_hal_dma_ex.c.obj
LOAD CMakeFiles/tempHumidity.dir/Drivers/STM32F4xx_HAL_Driver/Src/stm32f4xx_hal_dma.c.obj
LOAD CMakeFiles/tempHumidity.dir/Drivers/STM32F4xx_HAL_Driver/Src/stm32f4xx_hal_pwr.c.obj
LOAD CMakeFiles/tempHumidity.dir/Drivers/STM32F4xx_HAL_Driver/Src/stm32f4xx_hal_pwr_ex.c.obj
LOAD CMakeFiles/tempHumidity.dir/Drivers/STM32F4xx_HAL_Driver/Src/stm32f4xx_hal_cortex.c.obj
LOAD CMakeFiles/tempHumidity.dir/Drivers/STM32F4xx_HAL_Driver/Src/stm32f4xx_hal.c.obj
LOAD CMakeFiles/tempHumidity.dir/Drivers/STM32F4xx_HAL_Driver/Src/stm32f4xx_hal_exti.c.obj
LOAD CMakeFiles/tempHumidity.dir/Drivers/STM32F4xx_HAL_Driver/Src/stm32f4xx_hal_tim.c.obj
LOAD CMakeFiles/tempHumidity.dir/Drivers/STM32F4xx_HAL_Driver/Src/stm32f4xx_hal_tim_ex.c.obj
LOAD CMakeFiles/tempHumidity.dir/Drivers/STM32F4xx_HAL_Driver/Src/stm32f4xx_hal_uart.c.obj
LOAD CMakeFiles/tempHumidity.dir/Core/Src/system_stm32f4xx.c.obj
LOAD CMakeFiles/tempHumidity.dir/Core/Src/sysmem.c.obj
LOAD CMakeFiles/tempHumidity.dir/Core/Src/syscalls.c.obj
LOAD CMakeFiles/tempHumidity.dir/startup_stm32f411xe.s.obj
START GROUP
LOAD /home/adz/st/stm32cubeclt_1.16.0/GNU-tools-for-STM32/bin/../lib/gcc/arm-none-eabi/12.3.1/thumb/v7e-m+fp/hard/libgcc.a
LOAD /home/adz/st/stm32cubeclt_1.16.0/GNU-tools-for-STM32/bin/../lib/gcc/arm-none-eabi/12.3.1/../../../../arm-none-eabi/lib/thumb/v7e-m+fp/hard/libg_nano.a
LOAD /home/adz/st/stm32cubeclt_1.16.0/GNU-tools-for-STM32/bin/../lib/gcc/arm-none-eabi/12.3.1/../../../../arm-none-eabi/lib/thumb/v7e-m+fp/hard/libc_nano.a
END GROUP
START GROUP
LOAD /home/adz/st/stm32cubeclt_1.16.0/GNU-tools-for-STM32/bin/../lib/gcc/arm-none-eabi/12.3.1/thumb/v7e-m+fp/hard/libgcc.a
LOAD /home/adz/st/stm32cubeclt_1.16.0/GNU-tools-for-STM32/bin/../lib/gcc/arm-none-eabi/12.3.1/../../../../arm-none-eabi/lib/thumb/v7e-m+fp/hard/libc_nano.a
END GROUP
LOAD /home/adz/st/stm32cubeclt_1.16.0/GNU-tools-for-STM32/bin/../lib/gcc/arm-none-eabi/12.3.1/thumb/v7e-m+fp/hard/crtend.o
LOAD /home/adz/st/stm32cubeclt_1.16.0/GNU-tools-for-STM32/bin/../lib/gcc/arm-none-eabi/12.3.1/thumb/v7e-m+fp/hard/crtn.o
                0x20020000                        _estack = (ORIGIN (RAM) + LENGTH (RAM))
                0x00000200                        _Min_Heap_Size = 0x200
                0x00000400                        _Min_Stack_Size = 0x400

.isr_vector     0x08000000      0x198
                0x08000000                        . = ALIGN (0x4)
 *(.isr_vector)
 .isr_vector    0x08000000      0x198 CMakeFiles/tempHumidity.dir/startup_stm32f411xe.s.obj
                0x08000000                g_pfnVectors
                0x08000198                        . = ALIGN (0x4)

.text           0x080001a0     0x6e78
                0x080001a0                        . = ALIGN (0x4)
 *(.text)
 .text          0x080001a0       0x40 /home/adz/st/stm32cubeclt_1.16.0/GNU-tools-for-STM32/bin/../lib/gcc/arm-none-eabi/12.3.1/thumb/v7e-m+fp/hard/crtbegin.o
 .text          0x080001e0       0xa0 /home/adz/st/stm32cubeclt_1.16.0/GNU-tools-for-STM32/bin/../lib/gcc/arm-none-eabi/12.3.1/../../../../arm-none-eabi/lib/thumb/v7e-m+fp/hard/libc_nano.a(libc_a-memchr.o)
                0x080001e0                memchr
 .text          0x08000280       0x10 /home/adz/st/stm32cubeclt_1.16.0/GNU-tools-for-STM32/bin/../lib/gcc/arm-none-eabi/12.3.1/../../../../arm-none-eabi/lib/thumb/v7e-m+fp/hard/libc_nano.a(libc_a-strlen.o)
                0x08000280                strlen
 .text          0x08000290      0x378 /home/adz/st/stm32cubeclt_1.16.0/GNU-tools-for-STM32/bin/../lib/gcc/arm-none-eabi/12.3.1/thumb/v7e-m+fp/hard/libgcc.a(_arm_addsubdf3.o)
                0x08000290                __aeabi_drsub
                0x08000298                __aeabi_dsub
                0x08000298                __subdf3
                0x0800029c                __adddf3
                0x0800029c                __aeabi_dadd
                0x08000514                __aeabi_ui2d
                0x08000514                __floatunsidf
                0x08000534                __floatsidf
                0x08000534                __aeabi_i2d
                0x08000558                __extendsfdf2
                0x08000558                __aeabi_f2d
                0x0800059c                __aeabi_ul2d
                0x0800059c                __floatundidf
                0x080005ac                __floatdidf
                0x080005ac                __aeabi_l2d
 .text          0x08000608      0x424 /home/adz/st/stm32cubeclt_1.16.0/GNU-tools-for-STM32/bin/../lib/gcc/arm-none-eabi/12.3.1/thumb/v7e-m+fp/hard/libgcc.a(_arm_muldivdf3.o)
                0x08000608                __aeabi_dmul
                0x08000608                __muldf3
                0x0800085c                __aeabi_ddiv
                0x0800085c                __divdf3
 .text          0x08000a2c      0x110 /home/adz/st/stm32cubeclt_1.16.0/GNU-tools-for-STM32/bin/../lib/gcc/arm-none-eabi/12.3.1/thumb/v7e-m+fp/hard/libgcc.a(_arm_cmpdf2.o)
                0x08000a2c                __gtdf2
                0x08000a2c                __gedf2
                0x08000a34                __ltdf2
                0x08000a34                __ledf2
                0x08000a3c                __cmpdf2
                0x08000a3c                __eqdf2
                0x08000a3c                __nedf2
                0x08000ab8                __aeabi_cdrcmple
                0x08000ac8                __aeabi_cdcmple
                0x08000ac8                __aeabi_cdcmpeq
                0x08000ad8                __aeabi_dcmpeq
                0x08000aec                __aeabi_dcmplt
                0x08000b00                __aeabi_dcmple
                0x08000b14                __aeabi_dcmpge
                0x08000b28                __aeabi_dcmpgt
 .text          0x08000b3c       0x2c /home/adz/st/stm32cubeclt_1.16.0/GNU-tools-for-STM32/bin/../lib/gcc/arm-none-eabi/12.3.1/thumb/v7e-m+fp/hard/libgcc.a(_arm_unorddf2.o)
                0x08000b3c                __aeabi_dcmpun
                0x08000b3c                __unorddf2
 .text          0x08000b68       0x50 /home/adz/st/stm32cubeclt_1.16.0/GNU-tools-for-STM32/bin/../lib/gcc/arm-none-eabi/12.3.1/thumb/v7e-m+fp/hard/libgcc.a(_arm_fixdfsi.o)
                0x08000b68                __fixdfsi
                0x08000b68                __aeabi_d2iz
 .text          0x08000bb8       0xa0 /home/adz/st/stm32cubeclt_1.16.0/GNU-tools-for-STM32/bin/../lib/gcc/arm-none-eabi/12.3.1/thumb/v7e-m+fp/hard/libgcc.a(_arm_truncdfsf2.o)
                0x08000bb8                __aeabi_d2f
                0x08000bb8                __truncdfsf2
 .text          0x08000c58       0x30 /home/adz/st/stm32cubeclt_1.16.0/GNU-tools-for-STM32/bin/../lib/gcc/arm-none-eabi/12.3.1/thumb/v7e-m+fp/hard/libgcc.a(_aeabi_uldivmod.o)
                0x08000c58                __aeabi_uldivmod
 .text          0x08000c88      0x2bc /home/adz/st/stm32cubeclt_1.16.0/GNU-tools-for-STM32/bin/../lib/gcc/arm-none-eabi/12.3.1/thumb/v7e-m+fp/hard/libgcc.a(_udivmoddi4.o)
                0x08000c88                __udivmoddi4
 .text          0x08000f44        0x4 /home/adz/st/stm32cubeclt_1.16.0/GNU-tools-for-STM32/bin/../lib/gcc/arm-none-eabi/12.3.1/thumb/v7e-m+fp/hard/libgcc.a(_dvmd_tls.o)
                0x08000f44                __aeabi_ldiv0
                0x08000f44                __aeabi_idiv0
 *(.text*)
 .text.__cvt    0x08000f48       0xca /home/adz/st/stm32cubeclt_1.16.0/GNU-tools-for-STM32/bin/../lib/gcc/arm-none-eabi/12.3.1/../../../../arm-none-eabi/lib/thumb/v7e-m+fp/hard/libc_nano.a(libc_a-nano-vfprintf_float.o)
                0x08000f48                __cvt
 .text.__exponent
                0x08001012       0x74 /home/adz/st/stm32cubeclt_1.16.0/GNU-tools-for-STM32/bin/../lib/gcc/arm-none-eabi/12.3.1/../../../../arm-none-eabi/lib/thumb/v7e-m+fp/hard/libc_nano.a(libc_a-nano-vfprintf_float.o)
                0x08001012                __exponent
 *fill*         0x08001086        0x2 
 .text._printf_float
                0x08001088      0x454 /home/adz/st/stm32cubeclt_1.16.0/GNU-tools-for-STM32/bin/../lib/gcc/arm-none-eabi/12.3.1/../../../../arm-none-eabi/lib/thumb/v7e-m+fp/hard/libc_nano.a(libc_a-nano-vfprintf_float.o)
                0x08001088                _printf_float
 .text._printf_common
                0x080014dc       0xda /home/adz/st/stm32cubeclt_1.16.0/GNU-tools-for-STM32/bin/../lib/gcc/arm-none-eabi/12.3.1/../../../../arm-none-eabi/lib/thumb/v7e-m+fp/hard/libc_nano.a(libc_a-nano-vfprintf_i.o)
                0x080014dc                _printf_common
 *fill*         0x080015b6        0x2 
 .text._printf_i
                0x080015b8      0x240 /home/adz/st/stm32cubeclt_1.16.0/GNU-tools-for-STM32/bin/../lib/gcc/arm-none-eabi/12.3.1/../../../../arm-none-eabi/lib/thumb/v7e-m+fp/hard/libc_nano.a(libc_a-nano-vfprintf_i.o)
                0x080015b8                _printf_i
 .text.std      0x080017f8       0x6c /home/adz/st/stm32cubeclt_1.16.0/GNU-tools-for-STM32/bin/../lib/gcc/arm-none-eabi/12.3.1/../../../../arm-none-eabi/lib/thumb/v7e-m+fp/hard/libc_nano.a(libc_a-findfp.o)
 .text.stdio_exit_handler
                0x08001864       0x18 /home/adz/st/stm32cubeclt_1.16.0/GNU-tools-for-STM32/bin/../lib/gcc/arm-none-eabi/12.3.1/../../../../arm-none-eabi/lib/thumb/v7e-m+fp/hard/libc_nano.a(libc_a-findfp.o)
 .text.cleanup_stdio
                0x0800187c       0x40 /home/adz/st/stm32cubeclt_1.16.0/GNU-tools-for-STM32/bin/../lib/gcc/arm-none-eabi/12.3.1/../../../../arm-none-eabi/lib/thumb/v7e-m+fp/hard/libc_nano.a(libc_a-findfp.o)
 .text.global_stdio_init.part.0
                0x080018bc       0x3c /home/adz/st/stm32cubeclt_1.16.0/GNU-tools-for-STM32/bin/../lib/gcc/arm-none-eabi/12.3.1/../../../../arm-none-eabi/lib/thumb/v7e-m+fp/hard/libc_nano.a(libc_a-findfp.o)
 .text.__sfp_lock_acquire
                0x080018f8        0xc /home/adz/st/stm32cubeclt_1.16.0/GNU-tools-for-STM32/bin/../lib/gcc/arm-none-eabi/12.3.1/../../../../arm-none-eabi/lib/thumb/v7e-m+fp/hard/libc_nano.a(libc_a-findfp.o)
                0x080018f8                __sfp_lock_acquire
 .text.__sfp_lock_release
                0x08001904        0xc /home/adz/st/stm32cubeclt_1.16.0/GNU-tools-for-STM32/bin/../lib/gcc/arm-none-eabi/12.3.1/../../../../arm-none-eabi/lib/thumb/v7e-m+fp/hard/libc_nano.a(libc_a-findfp.o)
                0x08001904                __sfp_lock_release
 .text.__sinit  0x08001910       0x30 /home/adz/st/stm32cubeclt_1.16.0/GNU-tools-for-STM32/bin/../lib/gcc/arm-none-eabi/12.3.1/../../../../arm-none-eabi/lib/thumb/v7e-m+fp/hard/libc_nano.a(libc_a-findfp.o)
                0x08001910                __sinit
 .text._fwalk_sglue
                0x08001940       0x3c /home/adz/st/stm32cubeclt_1.16.0/GNU-tools-for-STM32/bin/../lib/gcc/arm-none-eabi/12.3.1/../../../../arm-none-eabi/lib/thumb/v7e-m+fp/hard/libc_nano.a(libc_a-fwalk.o)
                0x08001940                _fwalk_sglue
 .text.__sread  0x0800197c       0x22 /home/adz/st/stm32cubeclt_1.16.0/GNU-tools-for-STM32/bin/../lib/gcc/arm-none-eabi/12.3.1/../../../../arm-none-eabi/lib/thumb/v7e-m+fp/hard/libc_nano.a(libc_a-stdio.o)
                0x0800197c                __sread
 .text.__swrite
                0x0800199e       0x38 /home/adz/st/stm32cubeclt_1.16.0/GNU-tools-for-STM32/bin/../lib/gcc/arm-none-eabi/12.3.1/../../../../arm-none-eabi/lib/thumb/v7e-m+fp/hard/libc_nano.a(libc_a-stdio.o)
                0x0800199e                __swrite
 .text.__sseek  0x080019d6       0x24 /home/adz/st/stm32cubeclt_1.16.0/GNU-tools-for-STM32/bin/../lib/gcc/arm-none-eabi/12.3.1/../../../../arm-none-eabi/lib/thumb/v7e-m+fp/hard/libc_nano.a(libc_a-stdio.o)
                0x080019d6                __sseek
 .text.__sclose
                0x080019fa        0x8 /home/adz/st/stm32cubeclt_1.16.0/GNU-tools-for-STM32/bin/../lib/gcc/arm-none-eabi/12.3.1/../../../../arm-none-eabi/lib/thumb/v7e-m+fp/hard/libc_nano.a(libc_a-stdio.o)
                0x080019fa                __sclose
 .text.memset   0x08001a02       0x10 /home/adz/st/stm32cubeclt_1.16.0/GNU-tools-for-STM32/bin/../lib/gcc/arm-none-eabi/12.3.1/../../../../arm-none-eabi/lib/thumb/v7e-m+fp/hard/libc_nano.a(libc_a-memset.o)
                0x08001a02                memset
 *fill*         0x08001a12        0x2 
 .text._localeconv_r
                0x08001a14        0x8 /home/adz/st/stm32cubeclt_1.16.0/GNU-tools-for-STM32/bin/../lib/gcc/arm-none-eabi/12.3.1/../../../../arm-none-eabi/lib/thumb/v7e-m+fp/hard/libc_nano.a(libc_a-localeconv.o)
                0x08001a14                _localeconv_r
 .text._close_r
                0x08001a1c       0x20 /home/adz/st/stm32cubeclt_1.16.0/GNU-tools-for-STM32/bin/../lib/gcc/arm-none-eabi/12.3.1/../../../../arm-none-eabi/lib/thumb/v7e-m+fp/hard/libc_nano.a(libc_a-closer.o)
                0x08001a1c                _close_r
 .text._lseek_r
                0x08001a3c       0x24 /home/adz/st/stm32cubeclt_1.16.0/GNU-tools-for-STM32/bin/../lib/gcc/arm-none-eabi/12.3.1/../../../../arm-none-eabi/lib/thumb/v7e-m+fp/hard/libc_nano.a(libc_a-lseekr.o)
                0x08001a3c                _lseek_r
 .text._read_r  0x08001a60       0x24 /home/adz/st/stm32cubeclt_1.16.0/GNU-tools-for-STM32/bin/../lib/gcc/arm-none-eabi/12.3.1/../../../../arm-none-eabi/lib/thumb/v7e-m+fp/hard/libc_nano.a(libc_a-readr.o)
                0x08001a60                _read_r
 .text._write_r
                0x08001a84       0x24 /home/adz/st/stm32cubeclt_1.16.0/GNU-tools-for-STM32/bin/../lib/gcc/arm-none-eabi/12.3.1/../../../../arm-none-eabi/lib/thumb/v7e-m+fp/hard/libc_nano.a(libc_a-writer.o)
                0x08001a84                _write_r
 .text.__libc_init_array
                0x08001aa8       0x48 /home/adz/st/stm32cubeclt_1.16.0/GNU-tools-for-STM32/bin/../lib/gcc/arm-none-eabi/12.3.1/../../../../arm-none-eabi/lib/thumb/v7e-m+fp/hard/libc_nano.a(libc_a-init.o)
                0x08001aa8                __libc_init_array
 .text.__retarget_lock_init_recursive
                0x08001af0        0x2 /home/adz/st/stm32cubeclt_1.16.0/GNU-tools-for-STM32/bin/../lib/gcc/arm-none-eabi/12.3.1/../../../../arm-none-eabi/lib/thumb/v7e-m+fp/hard/libc_nano.a(libc_a-lock.o)
                0x08001af0                __retarget_lock_init_recursive
 .text.__retarget_lock_acquire_recursive
                0x08001af2        0x2 /home/adz/st/stm32cubeclt_1.16.0/GNU-tools-for-STM32/bin/../lib/gcc/arm-none-eabi/12.3.1/../../../../arm-none-eabi/lib/thumb/v7e-m+fp/hard/libc_nano.a(libc_a-lock.o)
                0x08001af2                __retarget_lock_acquire_recursive
 .text.__retarget_lock_release_recursive
                0x08001af4        0x2 /home/adz/st/stm32cubeclt_1.16.0/GNU-tools-for-STM32/bin/../lib/gcc/arm-none-eabi/12.3.1/../../../../arm-none-eabi/lib/thumb/v7e-m+fp/hard/libc_nano.a(libc_a-lock.o)
                0x08001af4                __retarget_lock_release_recursive
 .text.quorem   0x08001af6      0x110 /home/adz/st/stm32cubeclt_1.16.0/GNU-tools-for-STM32/bin/../lib/gcc/arm-none-eabi/12.3.1/../../../../arm-none-eabi/lib/thumb/v7e-m+fp/hard/libc_nano.a(libc_a-dtoa.o)
 *fill*         0x08001c06        0x2 
 .text._dtoa_r  0x08001c08      0xb88 /home/adz/st/stm32cubeclt_1.16.0/GNU-tools-for-STM32/bin/../lib/gcc/arm-none-eabi/12.3.1/../../../../arm-none-eabi/lib/thumb/v7e-m+fp/hard/libc_nano.a(libc_a-dtoa.o)
                0x08001c08                _dtoa_r
 .text._free_r  0x08002790       0x94 /home/adz/st/stm32cubeclt_1.16.0/GNU-tools-for-STM32/bin/../lib/gcc/arm-none-eabi/12.3.1/../../../../arm-none-eabi/lib/thumb/v7e-m+fp/hard/libc_nano.a(libc_a-freer.o)
                0x08002790                _free_r
 .text.malloc   0x08002824       0x10 /home/adz/st/stm32cubeclt_1.16.0/GNU-tools-for-STM32/bin/../lib/gcc/arm-none-eabi/12.3.1/../../../../arm-none-eabi/lib/thumb/v7e-m+fp/hard/libc_nano.a(libc_a-malloc.o)
                0x08002824                malloc
 .text.sbrk_aligned
                0x08002834       0x44 /home/adz/st/stm32cubeclt_1.16.0/GNU-tools-for-STM32/bin/../lib/gcc/arm-none-eabi/12.3.1/../../../../arm-none-eabi/lib/thumb/v7e-m+fp/hard/libc_nano.a(libc_a-mallocr.o)
 .text._malloc_r
                0x08002878      0x100 /home/adz/st/stm32cubeclt_1.16.0/GNU-tools-for-STM32/bin/../lib/gcc/arm-none-eabi/12.3.1/../../../../arm-none-eabi/lib/thumb/v7e-m+fp/hard/libc_nano.a(libc_a-mallocr.o)
                0x08002878                _malloc_r
 .text.__malloc_lock
                0x08002978        0xc /home/adz/st/stm32cubeclt_1.16.0/GNU-tools-for-STM32/bin/../lib/gcc/arm-none-eabi/12.3.1/../../../../arm-none-eabi/lib/thumb/v7e-m+fp/hard/libc_nano.a(libc_a-mlock.o)
                0x08002978                __malloc_lock
 .text.__malloc_unlock
                0x08002984        0xc /home/adz/st/stm32cubeclt_1.16.0/GNU-tools-for-STM32/bin/../lib/gcc/arm-none-eabi/12.3.1/../../../../arm-none-eabi/lib/thumb/v7e-m+fp/hard/libc_nano.a(libc_a-mlock.o)
                0x08002984                __malloc_unlock
 .text._Balloc  0x08002990       0x80 /home/adz/st/stm32cubeclt_1.16.0/GNU-tools-for-STM32/bin/../lib/gcc/arm-none-eabi/12.3.1/../../../../arm-none-eabi/lib/thumb/v7e-m+fp/hard/libc_nano.a(libc_a-mprec.o)
                0x08002990                _Balloc
 .text._Bfree   0x08002a10       0x44 /home/adz/st/stm32cubeclt_1.16.0/GNU-tools-for-STM32/bin/../lib/gcc/arm-none-eabi/12.3.1/../../../../arm-none-eabi/lib/thumb/v7e-m+fp/hard/libc_nano.a(libc_a-mprec.o)
                0x08002a10                _Bfree
 .text.__multadd
                0x08002a54       0x8c /home/adz/st/stm32cubeclt_1.16.0/GNU-tools-for-STM32/bin/../lib/gcc/arm-none-eabi/12.3.1/../../../../arm-none-eabi/lib/thumb/v7e-m+fp/hard/libc_nano.a(libc_a-mprec.o)
                0x08002a54                __multadd
 .text.__hi0bits
                0x08002ae0       0x3e /home/adz/st/stm32cubeclt_1.16.0/GNU-tools-for-STM32/bin/../lib/gcc/arm-none-eabi/12.3.1/../../../../arm-none-eabi/lib/thumb/v7e-m+fp/hard/libc_nano.a(libc_a-mprec.o)
                0x08002ae0                __hi0bits
 .text.__lo0bits
                0x08002b1e       0x5a /home/adz/st/stm32cubeclt_1.16.0/GNU-tools-for-STM32/bin/../lib/gcc/arm-none-eabi/12.3.1/../../../../arm-none-eabi/lib/thumb/v7e-m+fp/hard/libc_nano.a(libc_a-mprec.o)
                0x08002b1e                __lo0bits
 .text.__i2b    0x08002b78       0x2c /home/adz/st/stm32cubeclt_1.16.0/GNU-tools-for-STM32/bin/../lib/gcc/arm-none-eabi/12.3.1/../../../../arm-none-eabi/lib/thumb/v7e-m+fp/hard/libc_nano.a(libc_a-mprec.o)
                0x08002b78                __i2b
 .text.__multiply
                0x08002ba4      0x154 /home/adz/st/stm32cubeclt_1.16.0/GNU-tools-for-STM32/bin/../lib/gcc/arm-none-eabi/12.3.1/../../../../arm-none-eabi/lib/thumb/v7e-m+fp/hard/libc_nano.a(libc_a-mprec.o)
                0x08002ba4                __multiply
 .text.__pow5mult
                0x08002cf8       0xb4 /home/adz/st/stm32cubeclt_1.16.0/GNU-tools-for-STM32/bin/../lib/gcc/arm-none-eabi/12.3.1/../../../../arm-none-eabi/lib/thumb/v7e-m+fp/hard/libc_nano.a(libc_a-mprec.o)
                0x08002cf8                __pow5mult
 .text.__lshift
                0x08002dac       0xd8 /home/adz/st/stm32cubeclt_1.16.0/GNU-tools-for-STM32/bin/../lib/gcc/arm-none-eabi/12.3.1/../../../../arm-none-eabi/lib/thumb/v7e-m+fp/hard/libc_nano.a(libc_a-mprec.o)
                0x08002dac                __lshift
 .text.__mcmp   0x08002e84       0x36 /home/adz/st/stm32cubeclt_1.16.0/GNU-tools-for-STM32/bin/../lib/gcc/arm-none-eabi/12.3.1/../../../../arm-none-eabi/lib/thumb/v7e-m+fp/hard/libc_nano.a(libc_a-mprec.o)
                0x08002e84                __mcmp
 *fill*         0x08002eba        0x2 
 .text.__mdiff  0x08002ebc      0x128 /home/adz/st/stm32cubeclt_1.16.0/GNU-tools-for-STM32/bin/../lib/gcc/arm-none-eabi/12.3.1/../../../../arm-none-eabi/lib/thumb/v7e-m+fp/hard/libc_nano.a(libc_a-mprec.o)
                0x08002ebc                __mdiff
 .text.__d2b    0x08002fe4       0xb0 /home/adz/st/stm32cubeclt_1.16.0/GNU-tools-for-STM32/bin/../lib/gcc/arm-none-eabi/12.3.1/../../../../arm-none-eabi/lib/thumb/v7e-m+fp/hard/libc_nano.a(libc_a-mprec.o)
                0x08002fe4                __d2b
 .text.__sflush_r
                0x08003094      0x108 /home/adz/st/stm32cubeclt_1.16.0/GNU-tools-for-STM32/bin/../lib/gcc/arm-none-eabi/12.3.1/../../../../arm-none-eabi/lib/thumb/v7e-m+fp/hard/libc_nano.a(libc_a-fflush.o)
                0x08003094                __sflush_r
 .text._fflush_r
                0x0800319c       0x50 /home/adz/st/stm32cubeclt_1.16.0/GNU-tools-for-STM32/bin/../lib/gcc/arm-none-eabi/12.3.1/../../../../arm-none-eabi/lib/thumb/v7e-m+fp/hard/libc_nano.a(libc_a-fflush.o)
                0x0800319c                _fflush_r
 .text._sbrk_r  0x080031ec       0x20 /home/adz/st/stm32cubeclt_1.16.0/GNU-tools-for-STM32/bin/../lib/gcc/arm-none-eabi/12.3.1/../../../../arm-none-eabi/lib/thumb/v7e-m+fp/hard/libc_nano.a(libc_a-sbrkr.o)
                0x080031ec                _sbrk_r
 .text.memcpy   0x0800320c       0x1c /home/adz/st/stm32cubeclt_1.16.0/GNU-tools-for-STM32/bin/../lib/gcc/arm-none-eabi/12.3.1/../../../../arm-none-eabi/lib/thumb/v7e-m+fp/hard/libc_nano.a(libc_a-memcpy-stub.o)
                0x0800320c                memcpy
 .text.__assert_func
                0x08003228       0x3c /home/adz/st/stm32cubeclt_1.16.0/GNU-tools-for-STM32/bin/../lib/gcc/arm-none-eabi/12.3.1/../../../../arm-none-eabi/lib/thumb/v7e-m+fp/hard/libc_nano.a(libc_a-assert.o)
                0x08003228                __assert_func
 .text._calloc_r
                0x08003264       0x28 /home/adz/st/stm32cubeclt_1.16.0/GNU-tools-for-STM32/bin/../lib/gcc/arm-none-eabi/12.3.1/../../../../arm-none-eabi/lib/thumb/v7e-m+fp/hard/libc_nano.a(libc_a-callocr.o)
                0x08003264                _calloc_r
 .text.__ascii_mbtowc
                0x0800328c       0x24 /home/adz/st/stm32cubeclt_1.16.0/GNU-tools-for-STM32/bin/../lib/gcc/arm-none-eabi/12.3.1/../../../../arm-none-eabi/lib/thumb/v7e-m+fp/hard/libc_nano.a(libc_a-mbtowc_r.o)
                0x0800328c                __ascii_mbtowc
 .text.__ascii_wctomb
                0x080032b0       0x1a /home/adz/st/stm32cubeclt_1.16.0/GNU-tools-for-STM32/bin/../lib/gcc/arm-none-eabi/12.3.1/../../../../arm-none-eabi/lib/thumb/v7e-m+fp/hard/libc_nano.a(libc_a-wctomb_r.o)
                0x080032b0                __ascii_wctomb
 *fill*         0x080032ca        0x2 
 .text.fprintf  0x080032cc       0x24 /home/adz/st/stm32cubeclt_1.16.0/GNU-tools-for-STM32/bin/../lib/gcc/arm-none-eabi/12.3.1/../../../../arm-none-eabi/lib/thumb/v7e-m+fp/hard/libc_nano.a(libc_a-fprintf.o)
                0x080032cc                fprintf
                0x080032cc                fiprintf
 .text.abort    0x080032f0        0xe /home/adz/st/stm32cubeclt_1.16.0/GNU-tools-for-STM32/bin/../lib/gcc/arm-none-eabi/12.3.1/../../../../arm-none-eabi/lib/thumb/v7e-m+fp/hard/libc_nano.a(libc_a-abort.o)
                0x080032f0                abort
 .text.__sfputc_r
                0x080032fe       0x2e /home/adz/st/stm32cubeclt_1.16.0/GNU-tools-for-STM32/bin/../lib/gcc/arm-none-eabi/12.3.1/../../../../arm-none-eabi/lib/thumb/v7e-m+fp/hard/libc_nano.a(libc_a-nano-vfprintf.o)
 .text.__sfputs_r
                0x0800332c       0x24 /home/adz/st/stm32cubeclt_1.16.0/GNU-tools-for-STM32/bin/../lib/gcc/arm-none-eabi/12.3.1/../../../../arm-none-eabi/lib/thumb/v7e-m+fp/hard/libc_nano.a(libc_a-nano-vfprintf.o)
                0x0800332c                __sfputs_r
 .text._vfprintf_r
                0x08003350      0x230 /home/adz/st/stm32cubeclt_1.16.0/GNU-tools-for-STM32/bin/../lib/gcc/arm-none-eabi/12.3.1/../../../../arm-none-eabi/lib/thumb/v7e-m+fp/hard/libc_nano.a(libc_a-nano-vfprintf.o)
                0x08003350                _vfiprintf_r
                0x08003350                _vfprintf_r
 .text.__swbuf_r
                0x08003580       0x7c /home/adz/st/stm32cubeclt_1.16.0/GNU-tools-for-STM32/bin/../lib/gcc/arm-none-eabi/12.3.1/../../../../arm-none-eabi/lib/thumb/v7e-m+fp/hard/libc_nano.a(libc_a-wbuf.o)
                0x08003580                __swbuf_r
 .text.__swsetup_r
                0x080035fc       0xac /home/adz/st/stm32cubeclt_1.16.0/GNU-tools-for-STM32/bin/../lib/gcc/arm-none-eabi/12.3.1/../../../../arm-none-eabi/lib/thumb/v7e-m+fp/hard/libc_nano.a(libc_a-wsetup.o)
                0x080035fc                __swsetup_r
 .text.memmove  0x080036a8       0x34 /home/adz/st/stm32cubeclt_1.16.0/GNU-tools-for-STM32/bin/../lib/gcc/arm-none-eabi/12.3.1/../../../../arm-none-eabi/lib/thumb/v7e-m+fp/hard/libc_nano.a(libc_a-memmove.o)
                0x080036a8                memmove
 .text._raise_r
                0x080036dc       0x50 /home/adz/st/stm32cubeclt_1.16.0/GNU-tools-for-STM32/bin/../lib/gcc/arm-none-eabi/12.3.1/../../../../arm-none-eabi/lib/thumb/v7e-m+fp/hard/libc_nano.a(libc_a-signal.o)
                0x080036dc                _raise_r
 .text.raise    0x0800372c       0x10 /home/adz/st/stm32cubeclt_1.16.0/GNU-tools-for-STM32/bin/../lib/gcc/arm-none-eabi/12.3.1/../../../../arm-none-eabi/lib/thumb/v7e-m+fp/hard/libc_nano.a(libc_a-signal.o)
                0x0800372c                raise
 .text._kill_r  0x0800373c       0x24 /home/adz/st/stm32cubeclt_1.16.0/GNU-tools-for-STM32/bin/../lib/gcc/arm-none-eabi/12.3.1/../../../../arm-none-eabi/lib/thumb/v7e-m+fp/hard/libc_nano.a(libc_a-signalr.o)
                0x0800373c                _kill_r
 .text._getpid_r
                0x08003760        0x4 /home/adz/st/stm32cubeclt_1.16.0/GNU-tools-for-STM32/bin/../lib/gcc/arm-none-eabi/12.3.1/../../../../arm-none-eabi/lib/thumb/v7e-m+fp/hard/libc_nano.a(libc_a-signalr.o)
                0x08003760                _getpid_r
 .text._realloc_r
                0x08003764       0x5c /home/adz/st/stm32cubeclt_1.16.0/GNU-tools-for-STM32/bin/../lib/gcc/arm-none-eabi/12.3.1/../../../../arm-none-eabi/lib/thumb/v7e-m+fp/hard/libc_nano.a(libc_a-reallocr.o)
                0x08003764                _realloc_r
 .text.__swhatbuf_r
                0x080037c0       0x4c /home/adz/st/stm32cubeclt_1.16.0/GNU-tools-for-STM32/bin/../lib/gcc/arm-none-eabi/12.3.1/../../../../arm-none-eabi/lib/thumb/v7e-m+fp/hard/libc_nano.a(libc_a-makebuf.o)
                0x080037c0                __swhatbuf_r
 .text.__smakebuf_r
                0x0800380c       0x78 /home/adz/st/stm32cubeclt_1.16.0/GNU-tools-for-STM32/bin/../lib/gcc/arm-none-eabi/12.3.1/../../../../arm-none-eabi/lib/thumb/v7e-m+fp/hard/libc_nano.a(libc_a-makebuf.o)
                0x0800380c                __smakebuf_r
 .text._fstat_r
                0x08003884       0x24 /home/adz/st/stm32cubeclt_1.16.0/GNU-tools-for-STM32/bin/../lib/gcc/arm-none-eabi/12.3.1/../../../../arm-none-eabi/lib/thumb/v7e-m+fp/hard/libc_nano.a(libc_a-fstatr.o)
                0x08003884                _fstat_r
 .text._isatty_r
                0x080038a8       0x20 /home/adz/st/stm32cubeclt_1.16.0/GNU-tools-for-STM32/bin/../lib/gcc/arm-none-eabi/12.3.1/../../../../arm-none-eabi/lib/thumb/v7e-m+fp/hard/libc_nano.a(libc_a-isattyr.o)
                0x080038a8                _isatty_r
 .text._malloc_usable_size_r
                0x080038c8       0x10 /home/adz/st/stm32cubeclt_1.16.0/GNU-tools-for-STM32/bin/../lib/gcc/arm-none-eabi/12.3.1/../../../../arm-none-eabi/lib/thumb/v7e-m+fp/hard/libc_nano.a(libc_a-msizer.o)
                0x080038c8                _malloc_usable_size_r
 .text.HTU21D_init
                0x080038d8       0x2e CMakeFiles/tempHumidity.dir/Core/Src/HTU21D.c.obj
                0x080038d8                HTU21D_init
 *fill*         0x08003906        0x2 
 .text.read_humidity
                0x08003908      0x164 CMakeFiles/tempHumidity.dir/Core/Src/HTU21D.c.obj
                0x08003908                read_humidity
 *fill*         0x08003a6c        0x4 
 .text.read_temperature
                0x08003a70      0x170 CMakeFiles/tempHumidity.dir/Core/Src/HTU21D.c.obj
                0x08003a70                read_temperature
 .text.main     0x08003be0       0x6c CMakeFiles/tempHumidity.dir/Core/Src/main.c.obj
                0x08003be0                main
 .text.SystemClock_Config
                0x08003c4c       0xd4 CMakeFiles/tempHumidity.dir/Core/Src/main.c.obj
                0x08003c4c                SystemClock_Config
 .text.MX_I2C1_Init
                0x08003d20       0x5c CMakeFiles/tempHumidity.dir/Core/Src/main.c.obj
 .text.I2C_Scanner
                0x08003d7c       0x84 CMakeFiles/tempHumidity.dir/Core/Src/main.c.obj
                0x08003d7c                I2C_Scanner
 .text.MX_USART2_UART_Init
                0x08003e00       0x54 CMakeFiles/tempHumidity.dir/Core/Src/main.c.obj
 .text.MX_GPIO_Init
                0x08003e54      0x104 CMakeFiles/tempHumidity.dir/Core/Src/main.c.obj
 .text.Error_Handler
                0x08003f58        0xc CMakeFiles/tempHumidity.dir/Core/Src/main.c.obj
                0x08003f58                Error_Handler
 .text.NMI_Handler
                0x08003f64        0x8 CMakeFiles/tempHumidity.dir/Core/Src/stm32f4xx_it.c.obj
                0x08003f64                NMI_Handler
 .text.HardFault_Handler
                0x08003f6c        0x8 CMakeFiles/tempHumidity.dir/Core/Src/stm32f4xx_it.c.obj
                0x08003f6c                HardFault_Handler
 .text.MemManage_Handler
                0x08003f74        0x8 CMakeFiles/tempHumidity.dir/Core/Src/stm32f4xx_it.c.obj
                0x08003f74                MemManage_Handler
 .text.BusFault_Handler
                0x08003f7c        0x8 CMakeFiles/tempHumidity.dir/Core/Src/stm32f4xx_it.c.obj
                0x08003f7c                BusFault_Handler
 .text.UsageFault_Handler
                0x08003f84        0x8 CMakeFiles/tempHumidity.dir/Core/Src/stm32f4xx_it.c.obj
                0x08003f84                UsageFault_Handler
 .text.SVC_Handler
                0x08003f8c        0xe CMakeFiles/tempHumidity.dir/Core/Src/stm32f4xx_it.c.obj
                0x08003f8c                SVC_Handler
 .text.DebugMon_Handler
                0x08003f9a        0xe CMakeFiles/tempHumidity.dir/Core/Src/stm32f4xx_it.c.obj
                0x08003f9a                DebugMon_Handler
 .text.PendSV_Handler
                0x08003fa8        0xe CMakeFiles/tempHumidity.dir/Core/Src/stm32f4xx_it.c.obj
                0x08003fa8                PendSV_Handler
 .text.SysTick_Handler
                0x08003fb6        0xc CMakeFiles/tempHumidity.dir/Core/Src/stm32f4xx_it.c.obj
                0x08003fb6                SysTick_Handler
 *fill*         0x08003fc2        0x2 
 .text.HAL_MspInit
                0x08003fc4       0x50 CMakeFiles/tempHumidity.dir/Core/Src/stm32f4xx_hal_msp.c.obj
                0x08003fc4                HAL_MspInit
 .text.HAL_I2C_MspInit
                0x08004014       0x90 CMakeFiles/tempHumidity.dir/Core/Src/stm32f4xx_hal_msp.c.obj
                0x08004014                HAL_I2C_MspInit
 .text.HAL_UART_MspInit
                0x080040a4       0x90 CMakeFiles/tempHumidity.dir/Core/Src/stm32f4xx_hal_msp.c.obj
                0x080040a4                HAL_UART_MspInit
 .text.HAL_I2C_Init
                0x08004134      0x288 CMakeFiles/tempHumidity.dir/Drivers/STM32F4xx_HAL_Driver/Src/stm32f4xx_hal_i2c.c.obj
                0x08004134                HAL_I2C_Init
 .text.HAL_I2C_Master_Transmit
                0x080043bc      0x1fc CMakeFiles/tempHumidity.dir/Drivers/STM32F4xx_HAL_Driver/Src/stm32f4xx_hal_i2c.c.obj
                0x080043bc                HAL_I2C_Master_Transmit
 .text.HAL_I2C_Master_Receive
                0x080045b8      0x464 CMakeFiles/tempHumidity.dir/Drivers/STM32F4xx_HAL_Driver/Src/stm32f4xx_hal_i2c.c.obj
                0x080045b8                HAL_I2C_Master_Receive
 .text.HAL_I2C_IsDeviceReady
                0x08004a1c      0x25c CMakeFiles/tempHumidity.dir/Drivers/STM32F4xx_HAL_Driver/Src/stm32f4xx_hal_i2c.c.obj
                0x08004a1c                HAL_I2C_IsDeviceReady
 .text.I2C_MasterRequestWrite
                0x08004c78      0x104 CMakeFiles/tempHumidity.dir/Drivers/STM32F4xx_HAL_Driver/Src/stm32f4xx_hal_i2c.c.obj
 .text.I2C_MasterRequestRead
                0x08004d7c      0x19c CMakeFiles/tempHumidity.dir/Drivers/STM32F4xx_HAL_Driver/Src/stm32f4xx_hal_i2c.c.obj
 .text.I2C_WaitOnFlagUntilTimeout
                0x08004f18       0xf4 CMakeFiles/tempHumidity.dir/Drivers/STM32F4xx_HAL_Driver/Src/stm32f4xx_hal_i2c.c.obj
 .text.I2C_WaitOnMasterAddressFlagUntilTimeout
                0x0800500c      0x140 CMakeFiles/tempHumidity.dir/Drivers/STM32F4xx_HAL_Driver/Src/stm32f4xx_hal_i2c.c.obj
 .text.I2C_WaitOnTXEFlagUntilTimeout
                0x0800514c       0x90 CMakeFiles/tempHumidity.dir/Drivers/STM32F4xx_HAL_Driver/Src/stm32f4xx_hal_i2c.c.obj
 .text.I2C_WaitOnBTFFlagUntilTimeout
                0x080051dc       0x90 CMakeFiles/tempHumidity.dir/Drivers/STM32F4xx_HAL_Driver/Src/stm32f4xx_hal_i2c.c.obj
 .text.I2C_WaitOnRXNEFlagUntilTimeout
                0x0800526c       0xba CMakeFiles/tempHumidity.dir/Drivers/STM32F4xx_HAL_Driver/Src/stm32f4xx_hal_i2c.c.obj
 .text.I2C_IsAcknowledgeFailed
                0x08005326       0x5e CMakeFiles/tempHumidity.dir/Drivers/STM32F4xx_HAL_Driver/Src/stm32f4xx_hal_i2c.c.obj
 .text.HAL_RCC_OscConfig
                0x08005384      0x4f0 CMakeFiles/tempHumidity.dir/Drivers/STM32F4xx_HAL_Driver/Src/stm32f4xx_hal_rcc.c.obj
                0x08005384                HAL_RCC_OscConfig
 .text.HAL_RCC_ClockConfig
                0x08005874      0x1cc CMakeFiles/tempHumidity.dir/Drivers/STM32F4xx_HAL_Driver/Src/stm32f4xx_hal_rcc.c.obj
                0x08005874                HAL_RCC_ClockConfig
 .text.HAL_RCC_GetSysClockFreq
                0x08005a40      0x20c CMakeFiles/tempHumidity.dir/Drivers/STM32F4xx_HAL_Driver/Src/stm32f4xx_hal_rcc.c.obj
                0x08005a40                HAL_RCC_GetSysClockFreq
 .text.HAL_RCC_GetHCLKFreq
                0x08005c4c       0x18 CMakeFiles/tempHumidity.dir/Drivers/STM32F4xx_HAL_Driver/Src/stm32f4xx_hal_rcc.c.obj
                0x08005c4c                HAL_RCC_GetHCLKFreq
 .text.HAL_RCC_GetPCLK1Freq
                0x08005c64       0x28 CMakeFiles/tempHumidity.dir/Drivers/STM32F4xx_HAL_Driver/Src/stm32f4xx_hal_rcc.c.obj
                0x08005c64                HAL_RCC_GetPCLK1Freq
 .text.HAL_RCC_GetPCLK2Freq
                0x08005c8c       0x28 CMakeFiles/tempHumidity.dir/Drivers/STM32F4xx_HAL_Driver/Src/stm32f4xx_hal_rcc.c.obj
                0x08005c8c                HAL_RCC_GetPCLK2Freq
 .text.HAL_GPIO_Init
                0x08005cb4      0x308 CMakeFiles/tempHumidity.dir/Drivers/STM32F4xx_HAL_Driver/Src/stm32f4xx_hal_gpio.c.obj
                0x08005cb4                HAL_GPIO_Init
 .text.HAL_GPIO_WritePin
                0x08005fbc       0x32 CMakeFiles/tempHumidity.dir/Drivers/STM32F4xx_HAL_Driver/Src/stm32f4xx_hal_gpio.c.obj
                0x08005fbc                HAL_GPIO_WritePin
 *fill*         0x08005fee        0x2 
 .text.__NVIC_SetPriorityGrouping
                0x08005ff0       0x48 CMakeFiles/tempHumidity.dir/Drivers/STM32F4xx_HAL_Driver/Src/stm32f4xx_hal_cortex.c.obj
 .text.__NVIC_GetPriorityGrouping
                0x08006038       0x1c CMakeFiles/tempHumidity.dir/Drivers/STM32F4xx_HAL_Driver/Src/stm32f4xx_hal_cortex.c.obj
 .text.__NVIC_SetPriority
                0x08006054       0x54 CMakeFiles/tempHumidity.dir/Drivers/STM32F4xx_HAL_Driver/Src/stm32f4xx_hal_cortex.c.obj
 .text.NVIC_EncodePriority
                0x080060a8       0x66 CMakeFiles/tempHumidity.dir/Drivers/STM32F4xx_HAL_Driver/Src/stm32f4xx_hal_cortex.c.obj
 *fill*         0x0800610e        0x2 
 .text.SysTick_Config
                0x08006110       0x44 CMakeFiles/tempHumidity.dir/Drivers/STM32F4xx_HAL_Driver/Src/stm32f4xx_hal_cortex.c.obj
 .text.HAL_NVIC_SetPriorityGrouping
                0x08006154       0x16 CMakeFiles/tempHumidity.dir/Drivers/STM32F4xx_HAL_Driver/Src/stm32f4xx_hal_cortex.c.obj
                0x08006154                HAL_NVIC_SetPriorityGrouping
 .text.HAL_NVIC_SetPriority
                0x0800616a       0x38 CMakeFiles/tempHumidity.dir/Drivers/STM32F4xx_HAL_Driver/Src/stm32f4xx_hal_cortex.c.obj
                0x0800616a                HAL_NVIC_SetPriority
 .text.HAL_SYSTICK_Config
                0x080061a2       0x18 CMakeFiles/tempHumidity.dir/Drivers/STM32F4xx_HAL_Driver/Src/stm32f4xx_hal_cortex.c.obj
                0x080061a2                HAL_SYSTICK_Config
 *fill*         0x080061ba        0x2 
 .text.HAL_Init
                0x080061bc       0x44 CMakeFiles/tempHumidity.dir/Drivers/STM32F4xx_HAL_Driver/Src/stm32f4xx_hal.c.obj
                0x080061bc                HAL_Init
 .text.HAL_InitTick
                0x08006200       0x60 CMakeFiles/tempHumidity.dir/Drivers/STM32F4xx_HAL_Driver/Src/stm32f4xx_hal.c.obj
                0x08006200                HAL_InitTick
 .text.HAL_IncTick
                0x08006260       0x28 CMakeFiles/tempHumidity.dir/Drivers/STM32F4xx_HAL_Driver/Src/stm32f4xx_hal.c.obj
                0x08006260                HAL_IncTick
 .text.HAL_GetTick
                0x08006288       0x18 CMakeFiles/tempHumidity.dir/Drivers/STM32F4xx_HAL_Driver/Src/stm32f4xx_hal.c.obj
                0x08006288                HAL_GetTick
 .text.HAL_Delay
                0x080062a0       0x48 CMakeFiles/tempHumidity.dir/Drivers/STM32F4xx_HAL_Driver/Src/stm32f4xx_hal.c.obj
                0x080062a0                HAL_Delay
 .text.HAL_UART_Init
                0x080062e8       0xa0 CMakeFiles/tempHumidity.dir/Drivers/STM32F4xx_HAL_Driver/Src/stm32f4xx_hal_uart.c.obj
                0x080062e8                HAL_UART_Init
 .text.HAL_UART_Transmit
                0x08006388      0x116 CMakeFiles/tempHumidity.dir/Drivers/STM32F4xx_HAL_Driver/Src/stm32f4xx_hal_uart.c.obj
                0x08006388                HAL_UART_Transmit
 .text.UART_WaitOnFlagUntilTimeout
                0x0800649e       0xb2 CMakeFiles/tempHumidity.dir/Drivers/STM32F4xx_HAL_Driver/Src/stm32f4xx_hal_uart.c.obj
 .text.UART_EndRxTransfer
                0x08006550       0xc6 CMakeFiles/tempHumidity.dir/Drivers/STM32F4xx_HAL_Driver/Src/stm32f4xx_hal_uart.c.obj
 *fill*         0x08006616        0x2 
 .text.UART_SetConfig
                0x08006618      0x4e8 CMakeFiles/tempHumidity.dir/Drivers/STM32F4xx_HAL_Driver/Src/stm32f4xx_hal_uart.c.obj
 .text.SystemInit
                0x08006b00       0x24 CMakeFiles/tempHumidity.dir/Core/Src/system_stm32f4xx.c.obj
                0x08006b00                SystemInit
 .text._sbrk    0x08006b24       0x6c CMakeFiles/tempHumidity.dir/Core/Src/sysmem.c.obj
                0x08006b24                _sbrk
 .text._getpid  0x08006b90       0x10 CMakeFiles/tempHumidity.dir/Core/Src/syscalls.c.obj
                0x08006b90                _getpid
 .text._kill    0x08006ba0       0x20 CMakeFiles/tempHumidity.dir/Core/Src/syscalls.c.obj
                0x08006ba0                _kill
 .text._exit    0x08006bc0       0x16 CMakeFiles/tempHumidity.dir/Core/Src/syscalls.c.obj
                0x08006bc0                _exit
 .text._read    0x08006bd6       0x3a CMakeFiles/tempHumidity.dir/Core/Src/syscalls.c.obj
                0x08006bd6                _read
 .text._write   0x08006c10       0x38 CMakeFiles/tempHumidity.dir/Core/Src/syscalls.c.obj
                0x08006c10                _write
 .text._close   0x08006c48       0x18 CMakeFiles/tempHumidity.dir/Core/Src/syscalls.c.obj
                0x08006c48                _close
 .text._fstat   0x08006c60       0x20 CMakeFiles/tempHumidity.dir/Core/Src/syscalls.c.obj
                0x08006c60                _fstat
 .text._isatty  0x08006c80       0x16 CMakeFiles/tempHumidity.dir/Core/Src/syscalls.c.obj
                0x08006c80                _isatty
 .text._lseek   0x08006c96       0x1a CMakeFiles/tempHumidity.dir/Core/Src/syscalls.c.obj
                0x08006c96                _lseek
 .text.Reset_Handler
                0x08006cb0       0x50 CMakeFiles/tempHumidity.dir/startup_stm32f411xe.s.obj
                0x08006cb0                Reset_Handler
 .text.Default_Handler
                0x08006d00        0x2 CMakeFiles/tempHumidity.dir/startup_stm32f411xe.s.obj
                0x08006d00                RTC_Alarm_IRQHandler
                0x08006d00                EXTI2_IRQHandler
                0x08006d00                SPI4_IRQHandler
                0x08006d00                TIM1_CC_IRQHandler
                0x08006d00                DMA2_Stream5_IRQHandler
                0x08006d00                DMA1_Stream5_IRQHandler
                0x08006d00                PVD_IRQHandler
                0x08006d00                SDIO_IRQHandler
                0x08006d00                TAMP_STAMP_IRQHandler
                0x08006d00                EXTI3_IRQHandler
                0x08006d00                TIM1_UP_TIM10_IRQHandler
                0x08006d00                I2C3_ER_IRQHandler
                0x08006d00                EXTI0_IRQHandler
                0x08006d00                I2C2_EV_IRQHandler
                0x08006d00                DMA1_Stream2_IRQHandler
                0x08006d00                FPU_IRQHandler
                0x08006d00                DMA2_Stream2_IRQHandler
                0x08006d00                SPI1_IRQHandler
                0x08006d00                TIM1_BRK_TIM9_IRQHandler
                0x08006d00                DMA2_Stream3_IRQHandler
                0x08006d00                USART6_IRQHandler
                0x08006d00                DMA2_Stream0_IRQHandler
                0x08006d00                TIM4_IRQHandler
                0x08006d00                I2C1_EV_IRQHandler
                0x08006d00                DMA1_Stream6_IRQHandler
                0x08006d00                DMA1_Stream1_IRQHandler
                0x08006d00                TIM3_IRQHandler
                0x08006d00                RCC_IRQHandler
                0x08006d00                Default_Handler
                0x08006d00                EXTI15_10_IRQHandler
                0x08006d00                ADC_IRQHandler
                0x08006d00                DMA1_Stream7_IRQHandler
                0x08006d00                SPI5_IRQHandler
                0x08006d00                TIM5_IRQHandler
                0x08006d00                DMA2_Stream7_IRQHandler
                0x08006d00                I2C3_EV_IRQHandler
                0x08006d00                EXTI9_5_IRQHandler
                0x08006d00                RTC_WKUP_IRQHandler
                0x08006d00                SPI2_IRQHandler
                0x08006d00                DMA1_Stream0_IRQHandler
                0x08006d00                EXTI4_IRQHandler
                0x08006d00                WWDG_IRQHandler
                0x08006d00                TIM2_IRQHandler
                0x08006d00                OTG_FS_WKUP_IRQHandler
                0x08006d00                TIM1_TRG_COM_TIM11_IRQHandler
                0x08006d00                EXTI1_IRQHandler
                0x08006d00                USART2_IRQHandler
                0x08006d00                I2C2_ER_IRQHandler
                0x08006d00                DMA2_Stream1_IRQHandler
                0x08006d00                FLASH_IRQHandler
                0x08006d00                DMA2_Stream4_IRQHandler
                0x08006d00                USART1_IRQHandler
                0x08006d00                OTG_FS_IRQHandler
                0x08006d00                SPI3_IRQHandler
                0x08006d00                DMA1_Stream4_IRQHandler
                0x08006d00                I2C1_ER_IRQHandler
                0x08006d00                DMA2_Stream6_IRQHandler
                0x08006d00                DMA1_Stream3_IRQHandler
 *fill*         0x08006d02        0x2 
 .text.sprintf  0x08006d04       0x40 /home/adz/st/stm32cubeclt_1.16.0/GNU-tools-for-STM32/bin/../lib/gcc/arm-none-eabi/12.3.1/../../../../arm-none-eabi/lib/thumb/v7e-m+fp/hard/libg_nano.a(libc_a-sprintf.o)
                0x08006d04                sprintf
                0x08006d04                siprintf
 .text.__errno  0x08006d44        0xc /home/adz/st/stm32cubeclt_1.16.0/GNU-tools-for-STM32/bin/../lib/gcc/arm-none-eabi/12.3.1/../../../../arm-none-eabi/lib/thumb/v7e-m+fp/hard/libg_nano.a(libc_a-errno.o)
                0x08006d44                __errno
 .text.__ssputs_r
                0x08006d50       0xb6 /home/adz/st/stm32cubeclt_1.16.0/GNU-tools-for-STM32/bin/../lib/gcc/arm-none-eabi/12.3.1/../../../../arm-none-eabi/lib/thumb/v7e-m+fp/hard/libg_nano.a(libc_a-nano-svfprintf.o)
                0x08006d50                __ssputs_r
 *fill*         0x08006e06        0x2 
 .text._svfprintf_r
                0x08006e08      0x1f8 /home/adz/st/stm32cubeclt_1.16.0/GNU-tools-for-STM32/bin/../lib/gcc/arm-none-eabi/12.3.1/../../../../arm-none-eabi/lib/thumb/v7e-m+fp/hard/libg_nano.a(libc_a-nano-svfprintf.o)
                0x08006e08                _svfprintf_r
                0x08006e08                _svfiprintf_r
 *(.glue_7)
 .glue_7        0x08007000        0x0 linker stubs
 *(.glue_7t)
 .glue_7t       0x08007000        0x0 linker stubs
 *(.eh_frame)
 .eh_frame      0x08007000        0x0 /home/adz/st/stm32cubeclt_1.16.0/GNU-tools-for-STM32/bin/../lib/gcc/arm-none-eabi/12.3.1/thumb/v7e-m+fp/hard/crtbegin.o
 *(.init)
 .init          0x08007000        0x4 /home/adz/st/stm32cubeclt_1.16.0/GNU-tools-for-STM32/bin/../lib/gcc/arm-none-eabi/12.3.1/thumb/v7e-m+fp/hard/crti.o
                0x08007000                _init
 .init          0x08007004        0x8 /home/adz/st/stm32cubeclt_1.16.0/GNU-tools-for-STM32/bin/../lib/gcc/arm-none-eabi/12.3.1/thumb/v7e-m+fp/hard/crtn.o
 *(.fini)
 .fini          0x0800700c        0x4 /home/adz/st/stm32cubeclt_1.16.0/GNU-tools-for-STM32/bin/../lib/gcc/arm-none-eabi/12.3.1/thumb/v7e-m+fp/hard/crti.o
                0x0800700c                _fini
 .fini          0x08007010        0x8 /home/adz/st/stm32cubeclt_1.16.0/GNU-tools-for-STM32/bin/../lib/gcc/arm-none-eabi/12.3.1/thumb/v7e-m+fp/hard/crtn.o
                0x08007018                        . = ALIGN (0x4)
                0x08007018                        _etext = .

.vfp11_veneer   0x08007018        0x0
 .vfp11_veneer  0x08007018        0x0 linker stubs

.v4_bx          0x08007018        0x0
 .v4_bx         0x08007018        0x0 linker stubs

.iplt           0x08007018        0x0
 .iplt          0x08007018        0x0 /home/adz/st/stm32cubeclt_1.16.0/GNU-tools-for-STM32/bin/../lib/gcc/arm-none-eabi/12.3.1/thumb/v7e-m+fp/hard/crtbegin.o

.rodata         0x08007018      0x488
                0x08007018                        . = ALIGN (0x4)
 *(.rodata)
 .rodata        0x08007018       0xc0 CMakeFiles/tempHumidity.dir/Core/Src/HTU21D.c.obj
 .rodata        0x080070d8       0x3f CMakeFiles/tempHumidity.dir/Core/Src/main.c.obj
 *(.rodata*)
 .rodata._printf_float.str1.1
                0x08007117       0x12 /home/adz/st/stm32cubeclt_1.16.0/GNU-tools-for-STM32/bin/../lib/gcc/arm-none-eabi/12.3.1/../../../../arm-none-eabi/lib/thumb/v7e-m+fp/hard/libc_nano.a(libc_a-nano-vfprintf_float.o)
 .rodata._printf_i.str1.1
                0x08007129       0x22 /home/adz/st/stm32cubeclt_1.16.0/GNU-tools-for-STM32/bin/../lib/gcc/arm-none-eabi/12.3.1/../../../../arm-none-eabi/lib/thumb/v7e-m+fp/hard/libc_nano.a(libc_a-nano-vfprintf_i.o)
 .rodata._dtoa_r.str1.1
                0x0800714b       0x8d /home/adz/st/stm32cubeclt_1.16.0/GNU-tools-for-STM32/bin/../lib/gcc/arm-none-eabi/12.3.1/../../../../arm-none-eabi/lib/thumb/v7e-m+fp/hard/libc_nano.a(libc_a-dtoa.o)
                                 0x8f (size before relaxing)
 .rodata._Balloc.str1.1
                0x080071d8       0x59 /home/adz/st/stm32cubeclt_1.16.0/GNU-tools-for-STM32/bin/../lib/gcc/arm-none-eabi/12.3.1/../../../../arm-none-eabi/lib/thumb/v7e-m+fp/hard/libc_nano.a(libc_a-mprec.o)
                                 0x70 (size before relaxing)
 .rodata.__multadd.str1.1
                0x08007231       0x11 /home/adz/st/stm32cubeclt_1.16.0/GNU-tools-for-STM32/bin/../lib/gcc/arm-none-eabi/12.3.1/../../../../arm-none-eabi/lib/thumb/v7e-m+fp/hard/libc_nano.a(libc_a-mprec.o)
 *fill*         0x08007231        0x3 
 .rodata.p05.0  0x08007234        0xc /home/adz/st/stm32cubeclt_1.16.0/GNU-tools-for-STM32/bin/../lib/gcc/arm-none-eabi/12.3.1/../../../../arm-none-eabi/lib/thumb/v7e-m+fp/hard/libc_nano.a(libc_a-mprec.o)
 .rodata.__mprec_bigtens
                0x08007240       0x28 /home/adz/st/stm32cubeclt_1.16.0/GNU-tools-for-STM32/bin/../lib/gcc/arm-none-eabi/12.3.1/../../../../arm-none-eabi/lib/thumb/v7e-m+fp/hard/libc_nano.a(libc_a-mprec.o)
                0x08007240                __mprec_bigtens
 .rodata.__mprec_tens
                0x08007268       0xc8 /home/adz/st/stm32cubeclt_1.16.0/GNU-tools-for-STM32/bin/../lib/gcc/arm-none-eabi/12.3.1/../../../../arm-none-eabi/lib/thumb/v7e-m+fp/hard/libc_nano.a(libc_a-mprec.o)
                0x08007268                __mprec_tens
 .rodata._setlocale_r.str1.1
                0x08007330        0x8 /home/adz/st/stm32cubeclt_1.16.0/GNU-tools-for-STM32/bin/../lib/gcc/arm-none-eabi/12.3.1/../../../../arm-none-eabi/lib/thumb/v7e-m+fp/hard/libc_nano.a(libc_a-locale.o)
                                  0x9 (size before relaxing)
 .rodata.str1.1
                0x08007338        0x2 /home/adz/st/stm32cubeclt_1.16.0/GNU-tools-for-STM32/bin/../lib/gcc/arm-none-eabi/12.3.1/../../../../arm-none-eabi/lib/thumb/v7e-m+fp/hard/libc_nano.a(libc_a-locale.o)
 .rodata.__assert_func.str1.1
                0x0800733a       0x3c /home/adz/st/stm32cubeclt_1.16.0/GNU-tools-for-STM32/bin/../lib/gcc/arm-none-eabi/12.3.1/../../../../arm-none-eabi/lib/thumb/v7e-m+fp/hard/libc_nano.a(libc_a-assert.o)
                                 0x3d (size before relaxing)
 .rodata._ctype_
                0x08007376      0x101 /home/adz/st/stm32cubeclt_1.16.0/GNU-tools-for-STM32/bin/../lib/gcc/arm-none-eabi/12.3.1/../../../../arm-none-eabi/lib/thumb/v7e-m+fp/hard/libc_nano.a(libc_a-ctype_.o)
                0x08007376                _ctype_
 .rodata._vfprintf_r.str1.1
                0x08007477       0x11 /home/adz/st/stm32cubeclt_1.16.0/GNU-tools-for-STM32/bin/../lib/gcc/arm-none-eabi/12.3.1/../../../../arm-none-eabi/lib/thumb/v7e-m+fp/hard/libc_nano.a(libc_a-nano-vfprintf.o)
 .rodata.AHBPrescTable
                0x08007488       0x10 CMakeFiles/tempHumidity.dir/Core/Src/system_stm32f4xx.c.obj
                0x08007488                AHBPrescTable
 .rodata.APBPrescTable
                0x08007498        0x8 CMakeFiles/tempHumidity.dir/Core/Src/system_stm32f4xx.c.obj
                0x08007498                APBPrescTable
 .rodata._svfprintf_r.str1.1
                0x080074a0       0x11 /home/adz/st/stm32cubeclt_1.16.0/GNU-tools-for-STM32/bin/../lib/gcc/arm-none-eabi/12.3.1/../../../../arm-none-eabi/lib/thumb/v7e-m+fp/hard/libg_nano.a(libc_a-nano-svfprintf.o)
                0x080074b4                        . = ALIGN (0x4)

.ARM.extab
 *(.ARM.extab* .gnu.linkonce.armextab.*)

.ARM            0x080074a0        0x8
                0x080074a0                        __exidx_start = .
 *(.ARM.exidx*)
 .ARM.exidx     0x080074a0        0x8 /home/adz/st/stm32cubeclt_1.16.0/GNU-tools-for-STM32/bin/../lib/gcc/arm-none-eabi/12.3.1/../../../../arm-none-eabi/lib/thumb/v7e-m+fp/hard/libc_nano.a(libc_a-memchr.o)
 .ARM.exidx     0x080074a8        0x0 /home/adz/st/stm32cubeclt_1.16.0/GNU-tools-for-STM32/bin/../lib/gcc/arm-none-eabi/12.3.1/../../../../arm-none-eabi/lib/thumb/v7e-m+fp/hard/libc_nano.a(libc_a-strlen.o)
                                  0x8 (size before relaxing)
 .ARM.exidx     0x080074a8        0x0 /home/adz/st/stm32cubeclt_1.16.0/GNU-tools-for-STM32/bin/../lib/gcc/arm-none-eabi/12.3.1/thumb/v7e-m+fp/hard/libgcc.a(_udivmoddi4.o)
                                  0x8 (size before relaxing)
                0x080074a8                        __exidx_end = .

.rel.dyn        0x080074a8        0x0
 .rel.iplt      0x080074a8        0x0 /home/adz/st/stm32cubeclt_1.16.0/GNU-tools-for-STM32/bin/../lib/gcc/arm-none-eabi/12.3.1/thumb/v7e-m+fp/hard/crtbegin.o

.preinit_array  0x080074a8        0x0
                0x080074a8                        PROVIDE (__preinit_array_start = .)
 *(.preinit_array*)
                0x080074a8                        PROVIDE (__preinit_array_end = .)

.init_array     0x080074a8        0x4
                0x080074a8                        PROVIDE (__init_array_start = .)
 *(SORT_BY_NAME(.init_array.*))
 *(.init_array*)
 .init_array    0x080074a8        0x4 /home/adz/st/stm32cubeclt_1.16.0/GNU-tools-for-STM32/bin/../lib/gcc/arm-none-eabi/12.3.1/thumb/v7e-m+fp/hard/crtbegin.o
                0x080074ac                        PROVIDE (__init_array_end = .)

.fini_array     0x080074ac        0x4
                [!provide]                        PROVIDE (__fini_array_start = .)
 *(SORT_BY_NAME(.fini_array.*))
 *(.fini_array*)
 .fini_array    0x080074ac        0x4 /home/adz/st/stm32cubeclt_1.16.0/GNU-tools-for-STM32/bin/../lib/gcc/arm-none-eabi/12.3.1/thumb/v7e-m+fp/hard/crtbegin.o
                [!provide]                        PROVIDE (__fini_array_end = .)
                0x080074b0                        _sidata = LOADADDR (.data)

.data           0x20000000      0x1d4 load address 0x080074b0
                0x20000000                        . = ALIGN (0x4)
                0x20000000                        _sdata = .
 *(.data)
 *(.data*)
 .data.__sglue  0x20000000        0xc /home/adz/st/stm32cubeclt_1.16.0/GNU-tools-for-STM32/bin/../lib/gcc/arm-none-eabi/12.3.1/../../../../arm-none-eabi/lib/thumb/v7e-m+fp/hard/libc_nano.a(libc_a-findfp.o)
                0x20000000                __sglue
 .data._impure_ptr
                0x2000000c        0x4 /home/adz/st/stm32cubeclt_1.16.0/GNU-tools-for-STM32/bin/../lib/gcc/arm-none-eabi/12.3.1/../../../../arm-none-eabi/lib/thumb/v7e-m+fp/hard/libc_nano.a(libc_a-impure.o)
                0x2000000c                _impure_ptr
 .data._impure_data
                0x20000010       0x4c /home/adz/st/stm32cubeclt_1.16.0/GNU-tools-for-STM32/bin/../lib/gcc/arm-none-eabi/12.3.1/../../../../arm-none-eabi/lib/thumb/v7e-m+fp/hard/libc_nano.a(libc_a-impure.o)
                0x20000010                _impure_data
 .data.__global_locale
                0x2000005c      0x16c /home/adz/st/stm32cubeclt_1.16.0/GNU-tools-for-STM32/bin/../lib/gcc/arm-none-eabi/12.3.1/../../../../arm-none-eabi/lib/thumb/v7e-m+fp/hard/libc_nano.a(libc_a-locale.o)
                0x2000005c                __global_locale
 .data.uwTickPrio
                0x200001c8        0x4 CMakeFiles/tempHumidity.dir/Drivers/STM32F4xx_HAL_Driver/Src/stm32f4xx_hal.c.obj
                0x200001c8                uwTickPrio
 .data.uwTickFreq
                0x200001cc        0x1 CMakeFiles/tempHumidity.dir/Drivers/STM32F4xx_HAL_Driver/Src/stm32f4xx_hal.c.obj
                0x200001cc                uwTickFreq
 *fill*         0x200001cd        0x3 
 .data.SystemCoreClock
                0x200001d0        0x4 CMakeFiles/tempHumidity.dir/Core/Src/system_stm32f4xx.c.obj
                0x200001d0                SystemCoreClock
                0x200001d4                        . = ALIGN (0x4)
                0x200001d4                        _edata = .

.igot.plt       0x200001d4        0x0 load address 0x08007684
 .igot.plt      0x200001d4        0x0 /home/adz/st/stm32cubeclt_1.16.0/GNU-tools-for-STM32/bin/../lib/gcc/arm-none-eabi/12.3.1/thumb/v7e-m+fp/hard/crtbegin.o
                0x200001d4                        . = ALIGN (0x4)

.bss            0x200001d4      0x20c load address 0x08007684
                0x200001d4                        _sbss = .
                0x200001d4                        __bss_start__ = _sbss
 *(.bss)
 .bss           0x200001d4       0x1c /home/adz/st/stm32cubeclt_1.16.0/GNU-tools-for-STM32/bin/../lib/gcc/arm-none-eabi/12.3.1/thumb/v7e-m+fp/hard/crtbegin.o
 *(.bss*)
 .bss.__sf      0x200001f0      0x138 /home/adz/st/stm32cubeclt_1.16.0/GNU-tools-for-STM32/bin/../lib/gcc/arm-none-eabi/12.3.1/../../../../arm-none-eabi/lib/thumb/v7e-m+fp/hard/libc_nano.a(libc_a-findfp.o)
                0x200001f0                __sf
 .bss.__stdio_exit_handler
                0x20000328        0x4 /home/adz/st/stm32cubeclt_1.16.0/GNU-tools-for-STM32/bin/../lib/gcc/arm-none-eabi/12.3.1/../../../../arm-none-eabi/lib/thumb/v7e-m+fp/hard/libc_nano.a(libc_a-findfp.o)
                0x20000328                __stdio_exit_handler
 .bss.errno     0x2000032c        0x4 /home/adz/st/stm32cubeclt_1.16.0/GNU-tools-for-STM32/bin/../lib/gcc/arm-none-eabi/12.3.1/../../../../arm-none-eabi/lib/thumb/v7e-m+fp/hard/libc_nano.a(libc_a-reent.o)
                0x2000032c                errno
 .bss.__lock___malloc_recursive_mutex
                0x20000330        0x1 /home/adz/st/stm32cubeclt_1.16.0/GNU-tools-for-STM32/bin/../lib/gcc/arm-none-eabi/12.3.1/../../../../arm-none-eabi/lib/thumb/v7e-m+fp/hard/libc_nano.a(libc_a-lock.o)
                0x20000330                __lock___malloc_recursive_mutex
 .bss.__lock___sfp_recursive_mutex
                0x20000331        0x1 /home/adz/st/stm32cubeclt_1.16.0/GNU-tools-for-STM32/bin/../lib/gcc/arm-none-eabi/12.3.1/../../../../arm-none-eabi/lib/thumb/v7e-m+fp/hard/libc_nano.a(libc_a-lock.o)
                0x20000331                __lock___sfp_recursive_mutex
 *fill*         0x20000332        0x2 
 .bss.__malloc_sbrk_start
                0x20000334        0x4 /home/adz/st/stm32cubeclt_1.16.0/GNU-tools-for-STM32/bin/../lib/gcc/arm-none-eabi/12.3.1/../../../../arm-none-eabi/lib/thumb/v7e-m+fp/hard/libc_nano.a(libc_a-mallocr.o)
                0x20000334                __malloc_sbrk_start
 .bss.__malloc_free_list
                0x20000338        0x4 /home/adz/st/stm32cubeclt_1.16.0/GNU-tools-for-STM32/bin/../lib/gcc/arm-none-eabi/12.3.1/../../../../arm-none-eabi/lib/thumb/v7e-m+fp/hard/libc_nano.a(libc_a-mallocr.o)
                0x20000338                __malloc_free_list
 .bss.hi2c1     0x2000033c       0x54 CMakeFiles/tempHumidity.dir/Core/Src/main.c.obj
                0x2000033c                hi2c1
 .bss.huart2    0x20000390       0x48 CMakeFiles/tempHumidity.dir/Core/Src/main.c.obj
                0x20000390                huart2
 .bss.uwTick    0x200003d8        0x4 CMakeFiles/tempHumidity.dir/Drivers/STM32F4xx_HAL_Driver/Src/stm32f4xx_hal.c.obj
                0x200003d8                uwTick
 .bss.__sbrk_heap_end
                0x200003dc        0x4 CMakeFiles/tempHumidity.dir/Core/Src/sysmem.c.obj
 *(COMMON)
                0x200003e0                        . = ALIGN (0x4)
                0x200003e0                        _ebss = .
                0x200003e0                        __bss_end__ = _ebss

._user_heap_stack
                0x200003e0      0x600 load address 0x08007684
                0x200003e0                        . = ALIGN (0x8)
                [!provide]                        PROVIDE (end = .)
                0x200003e0                        PROVIDE (_end = .)
                0x200005e0                        . = (. + _Min_Heap_Size)
 *fill*         0x200003e0      0x200 
                0x200009e0                        . = (. + _Min_Stack_Size)
 *fill*         0x200005e0      0x400 
                0x200009e0                        . = ALIGN (0x8)

/DISCARD/
 libc.a(*)
 libm.a(*)
 libgcc.a(*)
OUTPUT(tempHumidity.elf elf32-littlearm)
LOAD linker stubs
LOAD /home/adz/st/stm32cubeclt_1.16.0/GNU-tools-for-STM32/bin/../lib/gcc/arm-none-eabi/12.3.1/../../../../arm-none-eabi/lib/thumb/v7e-m+fp/hard/libc.a
LOAD /home/adz/st/stm32cubeclt_1.16.0/GNU-tools-for-STM32/bin/../lib/gcc/arm-none-eabi/12.3.1/../../../../arm-none-eabi/lib/thumb/v7e-m+fp/hard/libm.a
LOAD /home/adz/st/stm32cubeclt_1.16.0/GNU-tools-for-STM32/bin/../lib/gcc/arm-none-eabi/12.3.1/thumb/v7e-m+fp/hard/libgcc.a

.ARM.attributes
                0x00000000       0x30
 .ARM.attributes
                0x00000000       0x22 /home/adz/st/stm32cubeclt_1.16.0/GNU-tools-for-STM32/bin/../lib/gcc/arm-none-eabi/12.3.1/thumb/v7e-m+fp/hard/crti.o
 .ARM.attributes
                0x00000022       0x34 /home/adz/st/stm32cubeclt_1.16.0/GNU-tools-for-STM32/bin/../lib/gcc/arm-none-eabi/12.3.1/thumb/v7e-m+fp/hard/crtbegin.o
 .ARM.attributes
                0x00000056       0x34 /home/adz/st/stm32cubeclt_1.16.0/GNU-tools-for-STM32/bin/../lib/gcc/arm-none-eabi/12.3.1/../../../../arm-none-eabi/lib/thumb/v7e-m+fp/hard/libc_nano.a(libc_a-nano-vfprintf_float.o)
 .ARM.attributes
                0x0000008a       0x34 /home/adz/st/stm32cubeclt_1.16.0/GNU-tools-for-STM32/bin/../lib/gcc/arm-none-eabi/12.3.1/../../../../arm-none-eabi/lib/thumb/v7e-m+fp/hard/libc_nano.a(libc_a-nano-vfprintf_i.o)
 .ARM.attributes
                0x000000be       0x34 /home/adz/st/stm32cubeclt_1.16.0/GNU-tools-for-STM32/bin/../lib/gcc/arm-none-eabi/12.3.1/../../../../arm-none-eabi/lib/thumb/v7e-m+fp/hard/libc_nano.a(libc_a-findfp.o)
 .ARM.attributes
                0x000000f2       0x34 /home/adz/st/stm32cubeclt_1.16.0/GNU-tools-for-STM32/bin/../lib/gcc/arm-none-eabi/12.3.1/../../../../arm-none-eabi/lib/thumb/v7e-m+fp/hard/libc_nano.a(libc_a-fwalk.o)
 .ARM.attributes
                0x00000126       0x34 /home/adz/st/stm32cubeclt_1.16.0/GNU-tools-for-STM32/bin/../lib/gcc/arm-none-eabi/12.3.1/../../../../arm-none-eabi/lib/thumb/v7e-m+fp/hard/libc_nano.a(libc_a-stdio.o)
 .ARM.attributes
                0x0000015a       0x34 /home/adz/st/stm32cubeclt_1.16.0/GNU-tools-for-STM32/bin/../lib/gcc/arm-none-eabi/12.3.1/../../../../arm-none-eabi/lib/thumb/v7e-m+fp/hard/libc_nano.a(libc_a-memset.o)
 .ARM.attributes
                0x0000018e       0x34 /home/adz/st/stm32cubeclt_1.16.0/GNU-tools-for-STM32/bin/../lib/gcc/arm-none-eabi/12.3.1/../../../../arm-none-eabi/lib/thumb/v7e-m+fp/hard/libc_nano.a(libc_a-localeconv.o)
 .ARM.attributes
                0x000001c2       0x34 /home/adz/st/stm32cubeclt_1.16.0/GNU-tools-for-STM32/bin/../lib/gcc/arm-none-eabi/12.3.1/../../../../arm-none-eabi/lib/thumb/v7e-m+fp/hard/libc_nano.a(libc_a-closer.o)
 .ARM.attributes
                0x000001f6       0x34 /home/adz/st/stm32cubeclt_1.16.0/GNU-tools-for-STM32/bin/../lib/gcc/arm-none-eabi/12.3.1/../../../../arm-none-eabi/lib/thumb/v7e-m+fp/hard/libc_nano.a(libc_a-reent.o)
 .ARM.attributes
                0x0000022a       0x34 /home/adz/st/stm32cubeclt_1.16.0/GNU-tools-for-STM32/bin/../lib/gcc/arm-none-eabi/12.3.1/../../../../arm-none-eabi/lib/thumb/v7e-m+fp/hard/libc_nano.a(libc_a-impure.o)
 .ARM.attributes
                0x0000025e       0x34 /home/adz/st/stm32cubeclt_1.16.0/GNU-tools-for-STM32/bin/../lib/gcc/arm-none-eabi/12.3.1/../../../../arm-none-eabi/lib/thumb/v7e-m+fp/hard/libc_nano.a(libc_a-lseekr.o)
 .ARM.attributes
                0x00000292       0x34 /home/adz/st/stm32cubeclt_1.16.0/GNU-tools-for-STM32/bin/../lib/gcc/arm-none-eabi/12.3.1/../../../../arm-none-eabi/lib/thumb/v7e-m+fp/hard/libc_nano.a(libc_a-readr.o)
 .ARM.attributes
                0x000002c6       0x34 /home/adz/st/stm32cubeclt_1.16.0/GNU-tools-for-STM32/bin/../lib/gcc/arm-none-eabi/12.3.1/../../../../arm-none-eabi/lib/thumb/v7e-m+fp/hard/libc_nano.a(libc_a-writer.o)
 .ARM.attributes
                0x000002fa       0x34 /home/adz/st/stm32cubeclt_1.16.0/GNU-tools-for-STM32/bin/../lib/gcc/arm-none-eabi/12.3.1/../../../../arm-none-eabi/lib/thumb/v7e-m+fp/hard/libc_nano.a(libc_a-init.o)
 .ARM.attributes
                0x0000032e       0x34 /home/adz/st/stm32cubeclt_1.16.0/GNU-tools-for-STM32/bin/../lib/gcc/arm-none-eabi/12.3.1/../../../../arm-none-eabi/lib/thumb/v7e-m+fp/hard/libc_nano.a(libc_a-lock.o)
 .ARM.attributes
                0x00000362       0x1c /home/adz/st/stm32cubeclt_1.16.0/GNU-tools-for-STM32/bin/../lib/gcc/arm-none-eabi/12.3.1/../../../../arm-none-eabi/lib/thumb/v7e-m+fp/hard/libc_nano.a(libc_a-memchr.o)
 .ARM.attributes
                0x0000037e       0x17 /home/adz/st/stm32cubeclt_1.16.0/GNU-tools-for-STM32/bin/../lib/gcc/arm-none-eabi/12.3.1/../../../../arm-none-eabi/lib/thumb/v7e-m+fp/hard/libc_nano.a(libc_a-strlen.o)
 .ARM.attributes
                0x00000395       0x34 /home/adz/st/stm32cubeclt_1.16.0/GNU-tools-for-STM32/bin/../lib/gcc/arm-none-eabi/12.3.1/../../../../arm-none-eabi/lib/thumb/v7e-m+fp/hard/libc_nano.a(libc_a-dtoa.o)
 .ARM.attributes
                0x000003c9       0x34 /home/adz/st/stm32cubeclt_1.16.0/GNU-tools-for-STM32/bin/../lib/gcc/arm-none-eabi/12.3.1/../../../../arm-none-eabi/lib/thumb/v7e-m+fp/hard/libc_nano.a(libc_a-freer.o)
 .ARM.attributes
                0x000003fd       0x34 /home/adz/st/stm32cubeclt_1.16.0/GNU-tools-for-STM32/bin/../lib/gcc/arm-none-eabi/12.3.1/../../../../arm-none-eabi/lib/thumb/v7e-m+fp/hard/libc_nano.a(libc_a-malloc.o)
 .ARM.attributes
                0x00000431       0x34 /home/adz/st/stm32cubeclt_1.16.0/GNU-tools-for-STM32/bin/../lib/gcc/arm-none-eabi/12.3.1/../../../../arm-none-eabi/lib/thumb/v7e-m+fp/hard/libc_nano.a(libc_a-mallocr.o)
 .ARM.attributes
                0x00000465       0x34 /home/adz/st/stm32cubeclt_1.16.0/GNU-tools-for-STM32/bin/../lib/gcc/arm-none-eabi/12.3.1/../../../../arm-none-eabi/lib/thumb/v7e-m+fp/hard/libc_nano.a(libc_a-mlock.o)
 .ARM.attributes
                0x00000499       0x34 /home/adz/st/stm32cubeclt_1.16.0/GNU-tools-for-STM32/bin/../lib/gcc/arm-none-eabi/12.3.1/../../../../arm-none-eabi/lib/thumb/v7e-m+fp/hard/libc_nano.a(libc_a-mprec.o)
 .ARM.attributes
                0x000004cd       0x34 /home/adz/st/stm32cubeclt_1.16.0/GNU-tools-for-STM32/bin/../lib/gcc/arm-none-eabi/12.3.1/../../../../arm-none-eabi/lib/thumb/v7e-m+fp/hard/libc_nano.a(libc_a-fflush.o)
 .ARM.attributes
                0x00000501       0x34 /home/adz/st/stm32cubeclt_1.16.0/GNU-tools-for-STM32/bin/../lib/gcc/arm-none-eabi/12.3.1/../../../../arm-none-eabi/lib/thumb/v7e-m+fp/hard/libc_nano.a(libc_a-locale.o)
 .ARM.attributes
                0x00000535       0x34 /home/adz/st/stm32cubeclt_1.16.0/GNU-tools-for-STM32/bin/../lib/gcc/arm-none-eabi/12.3.1/../../../../arm-none-eabi/lib/thumb/v7e-m+fp/hard/libc_nano.a(libc_a-sbrkr.o)
 .ARM.attributes
                0x00000569       0x34 /home/adz/st/stm32cubeclt_1.16.0/GNU-tools-for-STM32/bin/../lib/gcc/arm-none-eabi/12.3.1/../../../../arm-none-eabi/lib/thumb/v7e-m+fp/hard/libc_nano.a(libc_a-memcpy-stub.o)
 .ARM.attributes
                0x0000059d       0x34 /home/adz/st/stm32cubeclt_1.16.0/GNU-tools-for-STM32/bin/../lib/gcc/arm-none-eabi/12.3.1/../../../../arm-none-eabi/lib/thumb/v7e-m+fp/hard/libc_nano.a(libc_a-assert.o)
 .ARM.attributes
                0x000005d1       0x34 /home/adz/st/stm32cubeclt_1.16.0/GNU-tools-for-STM32/bin/../lib/gcc/arm-none-eabi/12.3.1/../../../../arm-none-eabi/lib/thumb/v7e-m+fp/hard/libc_nano.a(libc_a-callocr.o)
 .ARM.attributes
                0x00000605       0x34 /home/adz/st/stm32cubeclt_1.16.0/GNU-tools-for-STM32/bin/../lib/gcc/arm-none-eabi/12.3.1/../../../../arm-none-eabi/lib/thumb/v7e-m+fp/hard/libc_nano.a(libc_a-mbtowc_r.o)
 .ARM.attributes
                0x00000639       0x34 /home/adz/st/stm32cubeclt_1.16.0/GNU-tools-for-STM32/bin/../lib/gcc/arm-none-eabi/12.3.1/../../../../arm-none-eabi/lib/thumb/v7e-m+fp/hard/libc_nano.a(libc_a-wctomb_r.o)
 .ARM.attributes
                0x0000066d       0x34 /home/adz/st/stm32cubeclt_1.16.0/GNU-tools-for-STM32/bin/../lib/gcc/arm-none-eabi/12.3.1/../../../../arm-none-eabi/lib/thumb/v7e-m+fp/hard/libc_nano.a(libc_a-ctype_.o)
 .ARM.attributes
                0x000006a1       0x34 /home/adz/st/stm32cubeclt_1.16.0/GNU-tools-for-STM32/bin/../lib/gcc/arm-none-eabi/12.3.1/../../../../arm-none-eabi/lib/thumb/v7e-m+fp/hard/libc_nano.a(libc_a-fprintf.o)
 .ARM.attributes
                0x000006d5       0x34 /home/adz/st/stm32cubeclt_1.16.0/GNU-tools-for-STM32/bin/../lib/gcc/arm-none-eabi/12.3.1/../../../../arm-none-eabi/lib/thumb/v7e-m+fp/hard/libc_nano.a(libc_a-abort.o)
 .ARM.attributes
                0x00000709       0x34 /home/adz/st/stm32cubeclt_1.16.0/GNU-tools-for-STM32/bin/../lib/gcc/arm-none-eabi/12.3.1/../../../../arm-none-eabi/lib/thumb/v7e-m+fp/hard/libc_nano.a(libc_a-nano-vfprintf.o)
 .ARM.attributes
                0x0000073d       0x34 /home/adz/st/stm32cubeclt_1.16.0/GNU-tools-for-STM32/bin/../lib/gcc/arm-none-eabi/12.3.1/../../../../arm-none-eabi/lib/thumb/v7e-m+fp/hard/libc_nano.a(libc_a-wbuf.o)
 .ARM.attributes
                0x00000771       0x34 /home/adz/st/stm32cubeclt_1.16.0/GNU-tools-for-STM32/bin/../lib/gcc/arm-none-eabi/12.3.1/../../../../arm-none-eabi/lib/thumb/v7e-m+fp/hard/libc_nano.a(libc_a-wsetup.o)
 .ARM.attributes
                0x000007a5       0x34 /home/adz/st/stm32cubeclt_1.16.0/GNU-tools-for-STM32/bin/../lib/gcc/arm-none-eabi/12.3.1/../../../../arm-none-eabi/lib/thumb/v7e-m+fp/hard/libc_nano.a(libc_a-memmove.o)
 .ARM.attributes
                0x000007d9       0x34 /home/adz/st/stm32cubeclt_1.16.0/GNU-tools-for-STM32/bin/../lib/gcc/arm-none-eabi/12.3.1/../../../../arm-none-eabi/lib/thumb/v7e-m+fp/hard/libc_nano.a(libc_a-signal.o)
 .ARM.attributes
                0x0000080d       0x34 /home/adz/st/stm32cubeclt_1.16.0/GNU-tools-for-STM32/bin/../lib/gcc/arm-none-eabi/12.3.1/../../../../arm-none-eabi/lib/thumb/v7e-m+fp/hard/libc_nano.a(libc_a-signalr.o)
 .ARM.attributes
                0x00000841       0x34 /home/adz/st/stm32cubeclt_1.16.0/GNU-tools-for-STM32/bin/../lib/gcc/arm-none-eabi/12.3.1/../../../../arm-none-eabi/lib/thumb/v7e-m+fp/hard/libc_nano.a(libc_a-reallocr.o)
 .ARM.attributes
                0x00000875       0x34 /home/adz/st/stm32cubeclt_1.16.0/GNU-tools-for-STM32/bin/../lib/gcc/arm-none-eabi/12.3.1/../../../../arm-none-eabi/lib/thumb/v7e-m+fp/hard/libc_nano.a(libc_a-makebuf.o)
 .ARM.attributes
                0x000008a9       0x34 /home/adz/st/stm32cubeclt_1.16.0/GNU-tools-for-STM32/bin/../lib/gcc/arm-none-eabi/12.3.1/../../../../arm-none-eabi/lib/thumb/v7e-m+fp/hard/libc_nano.a(libc_a-fstatr.o)
 .ARM.attributes
                0x000008dd       0x34 /home/adz/st/stm32cubeclt_1.16.0/GNU-tools-for-STM32/bin/../lib/gcc/arm-none-eabi/12.3.1/../../../../arm-none-eabi/lib/thumb/v7e-m+fp/hard/libc_nano.a(libc_a-isattyr.o)
 .ARM.attributes
                0x00000911       0x34 /home/adz/st/stm32cubeclt_1.16.0/GNU-tools-for-STM32/bin/../lib/gcc/arm-none-eabi/12.3.1/../../../../arm-none-eabi/lib/thumb/v7e-m+fp/hard/libc_nano.a(libc_a-msizer.o)
 .ARM.attributes
                0x00000945       0x34 CMakeFiles/tempHumidity.dir/Core/Src/HTU21D.c.obj
 .ARM.attributes
                0x00000979       0x34 CMakeFiles/tempHumidity.dir/Core/Src/main.c.obj
 .ARM.attributes
                0x000009ad       0x34 CMakeFiles/tempHumidity.dir/Core/Src/stm32f4xx_it.c.obj
 .ARM.attributes
                0x000009e1       0x34 CMakeFiles/tempHumidity.dir/Core/Src/stm32f4xx_hal_msp.c.obj
 .ARM.attributes
                0x00000a15       0x34 CMakeFiles/tempHumidity.dir/Drivers/STM32F4xx_HAL_Driver/Src/stm32f4xx_hal_i2c.c.obj
 .ARM.attributes
                0x00000a49       0x34 CMakeFiles/tempHumidity.dir/Drivers/STM32F4xx_HAL_Driver/Src/stm32f4xx_hal_rcc.c.obj
 .ARM.attributes
                0x00000a7d       0x34 CMakeFiles/tempHumidity.dir/Drivers/STM32F4xx_HAL_Driver/Src/stm32f4xx_hal_gpio.c.obj
 .ARM.attributes
                0x00000ab1       0x34 CMakeFiles/tempHumidity.dir/Drivers/STM32F4xx_HAL_Driver/Src/stm32f4xx_hal_cortex.c.obj
 .ARM.attributes
                0x00000ae5       0x34 CMakeFiles/tempHumidity.dir/Drivers/STM32F4xx_HAL_Driver/Src/stm32f4xx_hal.c.obj
 .ARM.attributes
                0x00000b19       0x34 CMakeFiles/tempHumidity.dir/Drivers/STM32F4xx_HAL_Driver/Src/stm32f4xx_hal_uart.c.obj
 .ARM.attributes
                0x00000b4d       0x34 CMakeFiles/tempHumidity.dir/Core/Src/system_stm32f4xx.c.obj
 .ARM.attributes
                0x00000b81       0x34 CMakeFiles/tempHumidity.dir/Core/Src/sysmem.c.obj
 .ARM.attributes
                0x00000bb5       0x34 CMakeFiles/tempHumidity.dir/Core/Src/syscalls.c.obj
 .ARM.attributes
                0x00000be9       0x21 CMakeFiles/tempHumidity.dir/startup_stm32f411xe.s.obj
 .ARM.attributes
                0x00000c0a       0x22 /home/adz/st/stm32cubeclt_1.16.0/GNU-tools-for-STM32/bin/../lib/gcc/arm-none-eabi/12.3.1/thumb/v7e-m+fp/hard/libgcc.a(_arm_addsubdf3.o)
 .ARM.attributes
                0x00000c2c       0x22 /home/adz/st/stm32cubeclt_1.16.0/GNU-tools-for-STM32/bin/../lib/gcc/arm-none-eabi/12.3.1/thumb/v7e-m+fp/hard/libgcc.a(_arm_muldivdf3.o)
 .ARM.attributes
                0x00000c4e       0x22 /home/adz/st/stm32cubeclt_1.16.0/GNU-tools-for-STM32/bin/../lib/gcc/arm-none-eabi/12.3.1/thumb/v7e-m+fp/hard/libgcc.a(_arm_cmpdf2.o)
 .ARM.attributes
                0x00000c70       0x22 /home/adz/st/stm32cubeclt_1.16.0/GNU-tools-for-STM32/bin/../lib/gcc/arm-none-eabi/12.3.1/thumb/v7e-m+fp/hard/libgcc.a(_arm_unorddf2.o)
 .ARM.attributes
                0x00000c92       0x22 /home/adz/st/stm32cubeclt_1.16.0/GNU-tools-for-STM32/bin/../lib/gcc/arm-none-eabi/12.3.1/thumb/v7e-m+fp/hard/libgcc.a(_arm_fixdfsi.o)
 .ARM.attributes
                0x00000cb4       0x22 /home/adz/st/stm32cubeclt_1.16.0/GNU-tools-for-STM32/bin/../lib/gcc/arm-none-eabi/12.3.1/thumb/v7e-m+fp/hard/libgcc.a(_arm_truncdfsf2.o)
 .ARM.attributes
                0x00000cd6       0x22 /home/adz/st/stm32cubeclt_1.16.0/GNU-tools-for-STM32/bin/../lib/gcc/arm-none-eabi/12.3.1/thumb/v7e-m+fp/hard/libgcc.a(_aeabi_uldivmod.o)
 .ARM.attributes
                0x00000cf8       0x34 /home/adz/st/stm32cubeclt_1.16.0/GNU-tools-for-STM32/bin/../lib/gcc/arm-none-eabi/12.3.1/thumb/v7e-m+fp/hard/libgcc.a(_udivmoddi4.o)
 .ARM.attributes
                0x00000d2c       0x22 /home/adz/st/stm32cubeclt_1.16.0/GNU-tools-for-STM32/bin/../lib/gcc/arm-none-eabi/12.3.1/thumb/v7e-m+fp/hard/libgcc.a(_dvmd_tls.o)
 .ARM.attributes
                0x00000d4e       0x34 /home/adz/st/stm32cubeclt_1.16.0/GNU-tools-for-STM32/bin/../lib/gcc/arm-none-eabi/12.3.1/../../../../arm-none-eabi/lib/thumb/v7e-m+fp/hard/libg_nano.a(libc_a-sprintf.o)
 .ARM.attributes
                0x00000d82       0x34 /home/adz/st/stm32cubeclt_1.16.0/GNU-tools-for-STM32/bin/../lib/gcc/arm-none-eabi/12.3.1/../../../../arm-none-eabi/lib/thumb/v7e-m+fp/hard/libg_nano.a(libc_a-errno.o)
 .ARM.attributes
                0x00000db6       0x34 /home/adz/st/stm32cubeclt_1.16.0/GNU-tools-for-STM32/bin/../lib/gcc/arm-none-eabi/12.3.1/../../../../arm-none-eabi/lib/thumb/v7e-m+fp/hard/libg_nano.a(libc_a-nano-svfprintf.o)
 .ARM.attributes
                0x00000dea       0x22 /home/adz/st/stm32cubeclt_1.16.0/GNU-tools-for-STM32/bin/../lib/gcc/arm-none-eabi/12.3.1/thumb/v7e-m+fp/hard/crtn.o

.comment        0x00000000       0x43
 .comment       0x00000000       0x43 CMakeFiles/tempHumidity.dir/Core/Src/HTU21D.c.obj
                                 0x44 (size before relaxing)
 .comment       0x00000043       0x44 CMakeFiles/tempHumidity.dir/Core/Src/main.c.obj
 .comment       0x00000043       0x44 CMakeFiles/tempHumidity.dir/Core/Src/stm32f4xx_it.c.obj
 .comment       0x00000043       0x44 CMakeFiles/tempHumidity.dir/Core/Src/stm32f4xx_hal_msp.c.obj
 .comment       0x00000043       0x44 CMakeFiles/tempHumidity.dir/Drivers/STM32F4xx_HAL_Driver/Src/stm32f4xx_hal_i2c.c.obj
 .comment       0x00000043       0x44 CMakeFiles/tempHumidity.dir/Drivers/STM32F4xx_HAL_Driver/Src/stm32f4xx_hal_rcc.c.obj
 .comment       0x00000043       0x44 CMakeFiles/tempHumidity.dir/Drivers/STM32F4xx_HAL_Driver/Src/stm32f4xx_hal_gpio.c.obj
 .comment       0x00000043       0x44 CMakeFiles/tempHumidity.dir/Drivers/STM32F4xx_HAL_Driver/Src/stm32f4xx_hal_cortex.c.obj
 .comment       0x00000043       0x44 CMakeFiles/tempHumidity.dir/Drivers/STM32F4xx_HAL_Driver/Src/stm32f4xx_hal.c.obj
 .comment       0x00000043       0x44 CMakeFiles/tempHumidity.dir/Drivers/STM32F4xx_HAL_Driver/Src/stm32f4xx_hal_uart.c.obj
 .comment       0x00000043       0x44 CMakeFiles/tempHumidity.dir/Core/Src/system_stm32f4xx.c.obj
 .comment       0x00000043       0x44 CMakeFiles/tempHumidity.dir/Core/Src/sysmem.c.obj
 .comment       0x00000043       0x44 CMakeFiles/tempHumidity.dir/Core/Src/syscalls.c.obj
 .comment       0x00000043       0x44 /home/adz/st/stm32cubeclt_1.16.0/GNU-tools-for-STM32/bin/../lib/gcc/arm-none-eabi/12.3.1/../../../../arm-none-eabi/lib/thumb/v7e-m+fp/hard/libg_nano.a(libc_a-sprintf.o)
 .comment       0x00000043       0x44 /home/adz/st/stm32cubeclt_1.16.0/GNU-tools-for-STM32/bin/../lib/gcc/arm-none-eabi/12.3.1/../../../../arm-none-eabi/lib/thumb/v7e-m+fp/hard/libg_nano.a(libc_a-errno.o)
 .comment       0x00000043       0x44 /home/adz/st/stm32cubeclt_1.16.0/GNU-tools-for-STM32/bin/../lib/gcc/arm-none-eabi/12.3.1/../../../../arm-none-eabi/lib/thumb/v7e-m+fp/hard/libg_nano.a(libc_a-nano-svfprintf.o)

.debug_frame    0x00000000     0x3a3c
 .debug_frame   0x00000000       0x90 /home/adz/st/stm32cubeclt_1.16.0/GNU-tools-for-STM32/bin/../lib/gcc/arm-none-eabi/12.3.1/../../../../arm-none-eabi/lib/thumb/v7e-m+fp/hard/libc_nano.a(libc_a-nano-vfprintf_float.o)
 .debug_frame   0x00000090       0x60 /home/adz/st/stm32cubeclt_1.16.0/GNU-tools-for-STM32/bin/../lib/gcc/arm-none-eabi/12.3.1/../../../../arm-none-eabi/lib/thumb/v7e-m+fp/hard/libc_nano.a(libc_a-nano-vfprintf_i.o)
 .debug_frame   0x000000f0      0x144 /home/adz/st/stm32cubeclt_1.16.0/GNU-tools-for-STM32/bin/../lib/gcc/arm-none-eabi/12.3.1/../../../../arm-none-eabi/lib/thumb/v7e-m+fp/hard/libc_nano.a(libc_a-findfp.o)
 .debug_frame   0x00000234       0x34 /home/adz/st/stm32cubeclt_1.16.0/GNU-tools-for-STM32/bin/../lib/gcc/arm-none-eabi/12.3.1/../../../../arm-none-eabi/lib/thumb/v7e-m+fp/hard/libc_nano.a(libc_a-fwalk.o)
 .debug_frame   0x00000268       0x88 /home/adz/st/stm32cubeclt_1.16.0/GNU-tools-for-STM32/bin/../lib/gcc/arm-none-eabi/12.3.1/../../../../arm-none-eabi/lib/thumb/v7e-m+fp/hard/libc_nano.a(libc_a-stdio.o)
 .debug_frame   0x000002f0       0x20 /home/adz/st/stm32cubeclt_1.16.0/GNU-tools-for-STM32/bin/../lib/gcc/arm-none-eabi/12.3.1/../../../../arm-none-eabi/lib/thumb/v7e-m+fp/hard/libc_nano.a(libc_a-memset.o)
 .debug_frame   0x00000310       0x40 /home/adz/st/stm32cubeclt_1.16.0/GNU-tools-for-STM32/bin/../lib/gcc/arm-none-eabi/12.3.1/../../../../arm-none-eabi/lib/thumb/v7e-m+fp/hard/libc_nano.a(libc_a-localeconv.o)
 .debug_frame   0x00000350       0x2c /home/adz/st/stm32cubeclt_1.16.0/GNU-tools-for-STM32/bin/../lib/gcc/arm-none-eabi/12.3.1/../../../../arm-none-eabi/lib/thumb/v7e-m+fp/hard/libc_nano.a(libc_a-closer.o)
 .debug_frame   0x0000037c       0x38 /home/adz/st/stm32cubeclt_1.16.0/GNU-tools-for-STM32/bin/../lib/gcc/arm-none-eabi/12.3.1/../../../../arm-none-eabi/lib/thumb/v7e-m+fp/hard/libc_nano.a(libc_a-reent.o)
 .debug_frame   0x000003b4       0x2c /home/adz/st/stm32cubeclt_1.16.0/GNU-tools-for-STM32/bin/../lib/gcc/arm-none-eabi/12.3.1/../../../../arm-none-eabi/lib/thumb/v7e-m+fp/hard/libc_nano.a(libc_a-lseekr.o)
 .debug_frame   0x000003e0       0x2c /home/adz/st/stm32cubeclt_1.16.0/GNU-tools-for-STM32/bin/../lib/gcc/arm-none-eabi/12.3.1/../../../../arm-none-eabi/lib/thumb/v7e-m+fp/hard/libc_nano.a(libc_a-readr.o)
 .debug_frame   0x0000040c       0x2c /home/adz/st/stm32cubeclt_1.16.0/GNU-tools-for-STM32/bin/../lib/gcc/arm-none-eabi/12.3.1/../../../../arm-none-eabi/lib/thumb/v7e-m+fp/hard/libc_nano.a(libc_a-writer.o)
 .debug_frame   0x00000438       0x2c /home/adz/st/stm32cubeclt_1.16.0/GNU-tools-for-STM32/bin/../lib/gcc/arm-none-eabi/12.3.1/../../../../arm-none-eabi/lib/thumb/v7e-m+fp/hard/libc_nano.a(libc_a-init.o)
 .debug_frame   0x00000464       0xb0 /home/adz/st/stm32cubeclt_1.16.0/GNU-tools-for-STM32/bin/../lib/gcc/arm-none-eabi/12.3.1/../../../../arm-none-eabi/lib/thumb/v7e-m+fp/hard/libc_nano.a(libc_a-lock.o)
 .debug_frame   0x00000514       0x70 /home/adz/st/stm32cubeclt_1.16.0/GNU-tools-for-STM32/bin/../lib/gcc/arm-none-eabi/12.3.1/../../../../arm-none-eabi/lib/thumb/v7e-m+fp/hard/libc_nano.a(libc_a-dtoa.o)
 .debug_frame   0x00000584       0x38 /home/adz/st/stm32cubeclt_1.16.0/GNU-tools-for-STM32/bin/../lib/gcc/arm-none-eabi/12.3.1/../../../../arm-none-eabi/lib/thumb/v7e-m+fp/hard/libc_nano.a(libc_a-freer.o)
 .debug_frame   0x000005bc       0x30 /home/adz/st/stm32cubeclt_1.16.0/GNU-tools-for-STM32/bin/../lib/gcc/arm-none-eabi/12.3.1/../../../../arm-none-eabi/lib/thumb/v7e-m+fp/hard/libc_nano.a(libc_a-malloc.o)
 .debug_frame   0x000005ec       0x50 /home/adz/st/stm32cubeclt_1.16.0/GNU-tools-for-STM32/bin/../lib/gcc/arm-none-eabi/12.3.1/../../../../arm-none-eabi/lib/thumb/v7e-m+fp/hard/libc_nano.a(libc_a-mallocr.o)
 .debug_frame   0x0000063c       0x30 /home/adz/st/stm32cubeclt_1.16.0/GNU-tools-for-STM32/bin/../lib/gcc/arm-none-eabi/12.3.1/../../../../arm-none-eabi/lib/thumb/v7e-m+fp/hard/libc_nano.a(libc_a-mlock.o)
 .debug_frame   0x0000066c      0x260 /home/adz/st/stm32cubeclt_1.16.0/GNU-tools-for-STM32/bin/../lib/gcc/arm-none-eabi/12.3.1/../../../../arm-none-eabi/lib/thumb/v7e-m+fp/hard/libc_nano.a(libc_a-mprec.o)
 .debug_frame   0x000008cc       0x5c /home/adz/st/stm32cubeclt_1.16.0/GNU-tools-for-STM32/bin/../lib/gcc/arm-none-eabi/12.3.1/../../../../arm-none-eabi/lib/thumb/v7e-m+fp/hard/libc_nano.a(libc_a-fflush.o)
 .debug_frame   0x00000928       0x48 /home/adz/st/stm32cubeclt_1.16.0/GNU-tools-for-STM32/bin/../lib/gcc/arm-none-eabi/12.3.1/../../../../arm-none-eabi/lib/thumb/v7e-m+fp/hard/libc_nano.a(libc_a-locale.o)
 .debug_frame   0x00000970       0x2c /home/adz/st/stm32cubeclt_1.16.0/GNU-tools-for-STM32/bin/../lib/gcc/arm-none-eabi/12.3.1/../../../../arm-none-eabi/lib/thumb/v7e-m+fp/hard/libc_nano.a(libc_a-sbrkr.o)
 .debug_frame   0x0000099c       0x28 /home/adz/st/stm32cubeclt_1.16.0/GNU-tools-for-STM32/bin/../lib/gcc/arm-none-eabi/12.3.1/../../../../arm-none-eabi/lib/thumb/v7e-m+fp/hard/libc_nano.a(libc_a-memcpy-stub.o)
 .debug_frame   0x000009c4       0x40 /home/adz/st/stm32cubeclt_1.16.0/GNU-tools-for-STM32/bin/../lib/gcc/arm-none-eabi/12.3.1/../../../../arm-none-eabi/lib/thumb/v7e-m+fp/hard/libc_nano.a(libc_a-assert.o)
 .debug_frame   0x00000a04       0x2c /home/adz/st/stm32cubeclt_1.16.0/GNU-tools-for-STM32/bin/../lib/gcc/arm-none-eabi/12.3.1/../../../../arm-none-eabi/lib/thumb/v7e-m+fp/hard/libc_nano.a(libc_a-callocr.o)
 .debug_frame   0x00000a30       0x48 /home/adz/st/stm32cubeclt_1.16.0/GNU-tools-for-STM32/bin/../lib/gcc/arm-none-eabi/12.3.1/../../../../arm-none-eabi/lib/thumb/v7e-m+fp/hard/libc_nano.a(libc_a-mbtowc_r.o)
 .debug_frame   0x00000a78       0x3c /home/adz/st/stm32cubeclt_1.16.0/GNU-tools-for-STM32/bin/../lib/gcc/arm-none-eabi/12.3.1/../../../../arm-none-eabi/lib/thumb/v7e-m+fp/hard/libc_nano.a(libc_a-wctomb_r.o)
 .debug_frame   0x00000ab4       0x64 /home/adz/st/stm32cubeclt_1.16.0/GNU-tools-for-STM32/bin/../lib/gcc/arm-none-eabi/12.3.1/../../../../arm-none-eabi/lib/thumb/v7e-m+fp/hard/libc_nano.a(libc_a-fprintf.o)
 .debug_frame   0x00000b18       0x28 /home/adz/st/stm32cubeclt_1.16.0/GNU-tools-for-STM32/bin/../lib/gcc/arm-none-eabi/12.3.1/../../../../arm-none-eabi/lib/thumb/v7e-m+fp/hard/libc_nano.a(libc_a-abort.o)
 .debug_frame   0x00000b40       0xa8 /home/adz/st/stm32cubeclt_1.16.0/GNU-tools-for-STM32/bin/../lib/gcc/arm-none-eabi/12.3.1/../../../../arm-none-eabi/lib/thumb/v7e-m+fp/hard/libc_nano.a(libc_a-nano-vfprintf.o)
 .debug_frame   0x00000be8       0x40 /home/adz/st/stm32cubeclt_1.16.0/GNU-tools-for-STM32/bin/../lib/gcc/arm-none-eabi/12.3.1/../../../../arm-none-eabi/lib/thumb/v7e-m+fp/hard/libc_nano.a(libc_a-wbuf.o)
 .debug_frame   0x00000c28       0x2c /home/adz/st/stm32cubeclt_1.16.0/GNU-tools-for-STM32/bin/../lib/gcc/arm-none-eabi/12.3.1/../../../../arm-none-eabi/lib/thumb/v7e-m+fp/hard/libc_nano.a(libc_a-wsetup.o)
 .debug_frame   0x00000c54       0x28 /home/adz/st/stm32cubeclt_1.16.0/GNU-tools-for-STM32/bin/../lib/gcc/arm-none-eabi/12.3.1/../../../../arm-none-eabi/lib/thumb/v7e-m+fp/hard/libc_nano.a(libc_a-memmove.o)
 .debug_frame   0x00000c7c       0xcc /home/adz/st/stm32cubeclt_1.16.0/GNU-tools-for-STM32/bin/../lib/gcc/arm-none-eabi/12.3.1/../../../../arm-none-eabi/lib/thumb/v7e-m+fp/hard/libc_nano.a(libc_a-signal.o)
 .debug_frame   0x00000d48       0x3c /home/adz/st/stm32cubeclt_1.16.0/GNU-tools-for-STM32/bin/../lib/gcc/arm-none-eabi/12.3.1/../../../../arm-none-eabi/lib/thumb/v7e-m+fp/hard/libc_nano.a(libc_a-signalr.o)
 .debug_frame   0x00000d84       0x3c /home/adz/st/stm32cubeclt_1.16.0/GNU-tools-for-STM32/bin/../lib/gcc/arm-none-eabi/12.3.1/../../../../arm-none-eabi/lib/thumb/v7e-m+fp/hard/libc_nano.a(libc_a-reallocr.o)
 .debug_frame   0x00000dc0       0x58 /home/adz/st/stm32cubeclt_1.16.0/GNU-tools-for-STM32/bin/../lib/gcc/arm-none-eabi/12.3.1/../../../../arm-none-eabi/lib/thumb/v7e-m+fp/hard/libc_nano.a(libc_a-makebuf.o)
 .debug_frame   0x00000e18       0x2c /home/adz/st/stm32cubeclt_1.16.0/GNU-tools-for-STM32/bin/../lib/gcc/arm-none-eabi/12.3.1/../../../../arm-none-eabi/lib/thumb/v7e-m+fp/hard/libc_nano.a(libc_a-fstatr.o)
 .debug_frame   0x00000e44       0x2c /home/adz/st/stm32cubeclt_1.16.0/GNU-tools-for-STM32/bin/../lib/gcc/arm-none-eabi/12.3.1/../../../../arm-none-eabi/lib/thumb/v7e-m+fp/hard/libc_nano.a(libc_a-isattyr.o)
 .debug_frame   0x00000e70       0x20 /home/adz/st/stm32cubeclt_1.16.0/GNU-tools-for-STM32/bin/../lib/gcc/arm-none-eabi/12.3.1/../../../../arm-none-eabi/lib/thumb/v7e-m+fp/hard/libc_nano.a(libc_a-msizer.o)
 .debug_frame   0x00000e90       0x8c CMakeFiles/tempHumidity.dir/Core/Src/HTU21D.c.obj
 .debug_frame   0x00000f1c       0xe8 CMakeFiles/tempHumidity.dir/Core/Src/main.c.obj
 .debug_frame   0x00001004      0x104 CMakeFiles/tempHumidity.dir/Core/Src/stm32f4xx_it.c.obj
 .debug_frame   0x00001108       0xc4 CMakeFiles/tempHumidity.dir/Core/Src/stm32f4xx_hal_msp.c.obj
 .debug_frame   0x000011cc      0xc84 CMakeFiles/tempHumidity.dir/Drivers/STM32F4xx_HAL_Driver/Src/stm32f4xx_hal_i2c.c.obj
 .debug_frame   0x00001e50      0x1f4 CMakeFiles/tempHumidity.dir/Drivers/STM32F4xx_HAL_Driver/Src/stm32f4xx_hal_rcc.c.obj
 .debug_frame   0x00002044      0x14c CMakeFiles/tempHumidity.dir/Drivers/STM32F4xx_HAL_Driver/Src/stm32f4xx_hal_gpio.c.obj
 .debug_frame   0x00002190      0x508 CMakeFiles/tempHumidity.dir/Drivers/STM32F4xx_HAL_Driver/Src/stm32f4xx_hal_cortex.c.obj
 .debug_frame   0x00002698      0x374 CMakeFiles/tempHumidity.dir/Drivers/STM32F4xx_HAL_Driver/Src/stm32f4xx_hal.c.obj
 .debug_frame   0x00002a0c      0x954 CMakeFiles/tempHumidity.dir/Drivers/STM32F4xx_HAL_Driver/Src/stm32f4xx_hal_uart.c.obj
 .debug_frame   0x00003360       0x58 CMakeFiles/tempHumidity.dir/Core/Src/system_stm32f4xx.c.obj
 .debug_frame   0x000033b8       0x34 CMakeFiles/tempHumidity.dir/Core/Src/sysmem.c.obj
 .debug_frame   0x000033ec      0x2ac CMakeFiles/tempHumidity.dir/Core/Src/syscalls.c.obj
 .debug_frame   0x00003698       0xac /home/adz/st/stm32cubeclt_1.16.0/GNU-tools-for-STM32/bin/../lib/gcc/arm-none-eabi/12.3.1/thumb/v7e-m+fp/hard/libgcc.a(_arm_addsubdf3.o)
 .debug_frame   0x00003744       0x50 /home/adz/st/stm32cubeclt_1.16.0/GNU-tools-for-STM32/bin/../lib/gcc/arm-none-eabi/12.3.1/thumb/v7e-m+fp/hard/libgcc.a(_arm_muldivdf3.o)
 .debug_frame   0x00003794       0xc4 /home/adz/st/stm32cubeclt_1.16.0/GNU-tools-for-STM32/bin/../lib/gcc/arm-none-eabi/12.3.1/thumb/v7e-m+fp/hard/libgcc.a(_arm_cmpdf2.o)
 .debug_frame   0x00003858       0x20 /home/adz/st/stm32cubeclt_1.16.0/GNU-tools-for-STM32/bin/../lib/gcc/arm-none-eabi/12.3.1/thumb/v7e-m+fp/hard/libgcc.a(_arm_unorddf2.o)
 .debug_frame   0x00003878       0x24 /home/adz/st/stm32cubeclt_1.16.0/GNU-tools-for-STM32/bin/../lib/gcc/arm-none-eabi/12.3.1/thumb/v7e-m+fp/hard/libgcc.a(_arm_fixdfsi.o)
 .debug_frame   0x0000389c       0x24 /home/adz/st/stm32cubeclt_1.16.0/GNU-tools-for-STM32/bin/../lib/gcc/arm-none-eabi/12.3.1/thumb/v7e-m+fp/hard/libgcc.a(_arm_truncdfsf2.o)
 .debug_frame   0x000038c0       0x2c /home/adz/st/stm32cubeclt_1.16.0/GNU-tools-for-STM32/bin/../lib/gcc/arm-none-eabi/12.3.1/thumb/v7e-m+fp/hard/libgcc.a(_aeabi_uldivmod.o)
 .debug_frame   0x000038ec       0x34 /home/adz/st/stm32cubeclt_1.16.0/GNU-tools-for-STM32/bin/../lib/gcc/arm-none-eabi/12.3.1/thumb/v7e-m+fp/hard/libgcc.a(_udivmoddi4.o)
 .debug_frame   0x00003920       0x6c /home/adz/st/stm32cubeclt_1.16.0/GNU-tools-for-STM32/bin/../lib/gcc/arm-none-eabi/12.3.1/../../../../arm-none-eabi/lib/thumb/v7e-m+fp/hard/libg_nano.a(libc_a-sprintf.o)
 .debug_frame   0x0000398c       0x20 /home/adz/st/stm32cubeclt_1.16.0/GNU-tools-for-STM32/bin/../lib/gcc/arm-none-eabi/12.3.1/../../../../arm-none-eabi/lib/thumb/v7e-m+fp/hard/libg_nano.a(libc_a-errno.o)
 .debug_frame   0x000039ac       0x90 /home/adz/st/stm32cubeclt_1.16.0/GNU-tools-for-STM32/bin/../lib/gcc/arm-none-eabi/12.3.1/../../../../arm-none-eabi/lib/thumb/v7e-m+fp/hard/libg_nano.a(libc_a-nano-svfprintf.o)

.debug_info     0x00000000     0xcf5b
 .debug_info    0x00000000      0xb50 CMakeFiles/tempHumidity.dir/Core/Src/HTU21D.c.obj
 .debug_info    0x00000b50      0xfcd CMakeFiles/tempHumidity.dir/Core/Src/main.c.obj
 .debug_info    0x00001b1d      0x112 CMakeFiles/tempHumidity.dir/Core/Src/stm32f4xx_it.c.obj
 .debug_info    0x00001c2f      0xc4d CMakeFiles/tempHumidity.dir/Core/Src/stm32f4xx_hal_msp.c.obj
 .debug_info    0x0000287c     0x2426 CMakeFiles/tempHumidity.dir/Drivers/STM32F4xx_HAL_Driver/Src/stm32f4xx_hal_i2c.c.obj
 .debug_info    0x00004ca2      0x8f0 CMakeFiles/tempHumidity.dir/Drivers/STM32F4xx_HAL_Driver/Src/stm32f4xx_hal_rcc.c.obj
 .debug_info    0x00005592      0x6f9 CMakeFiles/tempHumidity.dir/Drivers/STM32F4xx_HAL_Driver/Src/stm32f4xx_hal_gpio.c.obj
 .debug_info    0x00005c8b      0xcfc CMakeFiles/tempHumidity.dir/Drivers/STM32F4xx_HAL_Driver/Src/stm32f4xx_hal_cortex.c.obj
 .debug_info    0x00006987      0x8c4 CMakeFiles/tempHumidity.dir/Drivers/STM32F4xx_HAL_Driver/Src/stm32f4xx_hal.c.obj
 .debug_info    0x0000724b     0x2f56 CMakeFiles/tempHumidity.dir/Drivers/STM32F4xx_HAL_Driver/Src/stm32f4xx_hal_uart.c.obj
 .debug_info    0x0000a1a1      0x53e CMakeFiles/tempHumidity.dir/Core/Src/system_stm32f4xx.c.obj
 .debug_info    0x0000a6df      0x168 CMakeFiles/tempHumidity.dir/Core/Src/sysmem.c.obj
 .debug_info    0x0000a847      0x6a3 CMakeFiles/tempHumidity.dir/Core/Src/syscalls.c.obj
 .debug_info    0x0000aeea       0x30 CMakeFiles/tempHumidity.dir/startup_stm32f411xe.s.obj
 .debug_info    0x0000af1a      0x87f /home/adz/st/stm32cubeclt_1.16.0/GNU-tools-for-STM32/bin/../lib/gcc/arm-none-eabi/12.3.1/../../../../arm-none-eabi/lib/thumb/v7e-m+fp/hard/libg_nano.a(libc_a-sprintf.o)
 .debug_info    0x0000b799      0x6fb /home/adz/st/stm32cubeclt_1.16.0/GNU-tools-for-STM32/bin/../lib/gcc/arm-none-eabi/12.3.1/../../../../arm-none-eabi/lib/thumb/v7e-m+fp/hard/libg_nano.a(libc_a-errno.o)
 .debug_info    0x0000be94     0x10c7 /home/adz/st/stm32cubeclt_1.16.0/GNU-tools-for-STM32/bin/../lib/gcc/arm-none-eabi/12.3.1/../../../../arm-none-eabi/lib/thumb/v7e-m+fp/hard/libg_nano.a(libc_a-nano-svfprintf.o)

.debug_abbrev   0x00000000     0x20d9
 .debug_abbrev  0x00000000      0x20c CMakeFiles/tempHumidity.dir/Core/Src/HTU21D.c.obj
 .debug_abbrev  0x0000020c      0x289 CMakeFiles/tempHumidity.dir/Core/Src/main.c.obj
 .debug_abbrev  0x00000495       0x73 CMakeFiles/tempHumidity.dir/Core/Src/stm32f4xx_it.c.obj
 .debug_abbrev  0x00000508      0x1c1 CMakeFiles/tempHumidity.dir/Core/Src/stm32f4xx_hal_msp.c.obj
 .debug_abbrev  0x000006c9      0x2bc CMakeFiles/tempHumidity.dir/Drivers/STM32F4xx_HAL_Driver/Src/stm32f4xx_hal_i2c.c.obj
 .debug_abbrev  0x00000985      0x2b6 CMakeFiles/tempHumidity.dir/Drivers/STM32F4xx_HAL_Driver/Src/stm32f4xx_hal_rcc.c.obj
 .debug_abbrev  0x00000c3b      0x1d3 CMakeFiles/tempHumidity.dir/Drivers/STM32F4xx_HAL_Driver/Src/stm32f4xx_hal_gpio.c.obj
 .debug_abbrev  0x00000e0e      0x31d CMakeFiles/tempHumidity.dir/Drivers/STM32F4xx_HAL_Driver/Src/stm32f4xx_hal_cortex.c.obj
 .debug_abbrev  0x0000112b      0x24b CMakeFiles/tempHumidity.dir/Drivers/STM32F4xx_HAL_Driver/Src/stm32f4xx_hal.c.obj
 .debug_abbrev  0x00001376      0x31b CMakeFiles/tempHumidity.dir/Drivers/STM32F4xx_HAL_Driver/Src/stm32f4xx_hal_uart.c.obj
 .debug_abbrev  0x00001691      0x11a CMakeFiles/tempHumidity.dir/Core/Src/system_stm32f4xx.c.obj
 .debug_abbrev  0x000017ab       0xbc CMakeFiles/tempHumidity.dir/Core/Src/sysmem.c.obj
 .debug_abbrev  0x00001867      0x1b6 CMakeFiles/tempHumidity.dir/Core/Src/syscalls.c.obj
 .debug_abbrev  0x00001a1d       0x24 CMakeFiles/tempHumidity.dir/startup_stm32f411xe.s.obj
 .debug_abbrev  0x00001a41      0x21c /home/adz/st/stm32cubeclt_1.16.0/GNU-tools-for-STM32/bin/../lib/gcc/arm-none-eabi/12.3.1/../../../../arm-none-eabi/lib/thumb/v7e-m+fp/hard/libg_nano.a(libc_a-sprintf.o)
 .debug_abbrev  0x00001c5d      0x15e /home/adz/st/stm32cubeclt_1.16.0/GNU-tools-for-STM32/bin/../lib/gcc/arm-none-eabi/12.3.1/../../../../arm-none-eabi/lib/thumb/v7e-m+fp/hard/libg_nano.a(libc_a-errno.o)
 .debug_abbrev  0x00001dbb      0x31e /home/adz/st/stm32cubeclt_1.16.0/GNU-tools-for-STM32/bin/../lib/gcc/arm-none-eabi/12.3.1/../../../../arm-none-eabi/lib/thumb/v7e-m+fp/hard/libg_nano.a(libc_a-nano-svfprintf.o)

.debug_aranges  0x00000000      0xa60
 .debug_aranges